[2026-08-01 00:00:01] 開始轉換時間範圍: 2026-07-31 23:00:00 到 2026-07-31 23:59:59
[2026-08-01 00:00:01] ℹ su_web 該時段內無資料變動，未生成有效 SQL。
[2026-08-01 00:00:01] ℹ sm_m2 該時段內無資料變動，未生成有效 SQL。
[2026-08-01 00:00:02] ℹ 備份檔案完成
[2026-08-01 00:30:01] 開始轉換時間範圍: 2026-07-31 23:00:00 到 2026-07-31 23:59:59
[2026-08-01 00:30:01] ℹ su_web 該時段內無資料變動，未生成有效 SQL。
[2026-08-01 00:30:01] ℹ sm_m2 該時段內無資料變動，未生成有效 SQL。
[2026-08-01 00:30:01] ℹ 備份檔案完成
[2026-08-01 01:00:01] 開始轉換時間範圍: 2026-08-01 00:00:00 到 2026-08-01 00:59:59
[2026-08-01 01:00:01] ℹ su_web 該時段內無資料變動，未生成有效 SQL。
[2026-08-01 01:00:01] ℹ sm_m2 該時段內無資料變動，未生成有效 SQL。
[2026-08-01 01:00:01] ℹ 備份檔案完成
[2026-08-01 01:30:01] 開始轉換時間範圍: 2026-08-01 00:00:00 到 2026-08-01 00:59:59
[2026-08-01 01:30:01] ℹ su_web 該時段內無資料變動，未生成有效 SQL。
[2026-08-01 01:30:01] ℹ sm_m2 該時段內無資料變動，未生成有效 SQL。
[2026-08-01 01:30:01] ℹ 備份檔案完成
[2026-08-01 02:00:01] 開始轉換時間範圍: 2026-08-01 01:00:00 到 2026-08-01 01:59:59
[2026-08-01 02:00:01] ℹ su_web 該時段內無資料變動，未生成有效 SQL。
[2026-08-01 02:00:01] ℹ sm_m2 該時段內無資料變動，未生成有效 SQL。
[2026-08-01 02:00:01] ℹ 備份檔案完成
[2026-08-01 02:30:01] 開始轉換時間範圍: 2026-08-01 01:00:00 到 2026-08-01 01:59:59
[2026-08-01 02:30:02] ℹ su_web 該時段內無資料變動，未生成有效 SQL。
[2026-08-01 02:30:02] ℹ sm_m2 該時段內無資料變動，未生成有效 SQL。
[2026-08-01 02:30:02] ℹ 備份檔案完成
[2026-08-01 03:00:01] 開始轉換時間範圍: 2026-08-01 02:00:00 到 2026-08-01 02:59:59
[2026-08-01 03:00:01] ℹ su_web 該時段內無資料變動，未生成有效 SQL。
[2026-08-01 03:00:01] ℹ sm_m2 該時段內無資料變動，未生成有效 SQL。
[2026-08-01 03:00:01] ℹ 備份檔案完成
[2026-08-01 03:30:01] 開始轉換時間範圍: 2026-08-01 02:00:00 到 2026-08-01 02:59:59
[2026-08-01 03:30:01] ℹ su_web 該時段內無資料變動，未生成有效 SQL。
[2026-08-01 03:30:01] ℹ sm_m2 該時段內無資料變動，未生成有效 SQL。
[2026-08-01 03:30:02] ℹ 備份檔案完成
[2026-08-01 04:00:01] 開始轉換時間範圍: 2026-08-01 03:00:00 到 2026-08-01 03:59:59
[2026-08-01 04:00:01] ℹ su_web 該時段內無資料變動，未生成有效 SQL。
[2026-08-01 04:00:01] ℹ sm_m2 該時段內無資料變動，未生成有效 SQL。
[2026-08-01 04:00:01] ℹ 備份檔案完成
[2026-08-01 04:30:01] 開始轉換時間範圍: 2026-08-01 03:00:00 到 2026-08-01 03:59:59
[2026-08-01 04:30:01] ℹ su_web 該時段內無資料變動，未生成有效 SQL。
[2026-08-01 04:30:01] ℹ sm_m2 該時段內無資料變動，未生成有效 SQL。
[2026-08-01 04:30:01] ℹ 備份檔案完成
[2026-08-01 05:00:01] 開始轉換時間範圍: 2026-08-01 04:00:00 到 2026-08-01 04:59:59
[2026-08-01 05:00:01] ℹ su_web 該時段內無資料變動，未生成有效 SQL。
[2026-08-01 05:00:01] ℹ sm_m2 該時段內無資料變動，未生成有效 SQL。
[2026-08-01 05:00:01] ℹ 備份檔案完成
[2026-08-01 05:30:01] 開始轉換時間範圍: 2026-08-01 04:00:00 到 2026-08-01 04:59:59
[2026-08-01 05:30:01] ℹ su_web 該時段內無資料變動，未生成有效 SQL。
[2026-08-01 05:30:01] ℹ sm_m2 該時段內無資料變動，未生成有效 SQL。
[2026-08-01 05:30:01] ℹ 備份檔案完成
[2026-08-01 06:00:01] 開始轉換時間範圍: 2026-08-01 05:00:00 到 2026-08-01 05:59:59
[2026-08-01 06:00:01] ℹ su_web 該時段內無資料變動，未生成有效 SQL。
[2026-08-01 06:00:01] ℹ sm_m2 該時段內無資料變動，未生成有效 SQL。
[2026-08-01 06:00:01] ℹ 備份檔案完成
[2026-08-01 06:30:01] 開始轉換時間範圍: 2026-08-01 05:00:00 到 2026-08-01 05:59:59
[2026-08-01 06:30:02] ℹ su_web 該時段內無資料變動，未生成有效 SQL。
[2026-08-01 06:30:02] ℹ sm_m2 該時段內無資料變動，未生成有效 SQL。
[2026-08-01 06:30:02] ℹ 備份檔案完成
[2026-08-01 07:00:01] 開始轉換時間範圍: 2026-08-01 06:00:00 到 2026-08-01 06:59:59
[2026-08-01 07:00:01] ℹ su_web 該時段內無資料變動，未生成有效 SQL。
[2026-08-01 07:00:01] ℹ sm_m2 該時段內無資料變動，未生成有效 SQL。
[2026-08-01 07:00:01] ℹ 備份檔案完成
[2026-08-01 07:30:02] 開始轉換時間範圍: 2026-08-01 06:00:00 到 2026-08-01 06:59:59
[2026-08-01 07:30:02] ℹ su_web 該時段內無資料變動，未生成有效 SQL。
[2026-08-01 07:30:02] ℹ sm_m2 該時段內無資料變動，未生成有效 SQL。
[2026-08-01 07:30:02] ℹ 備份檔案完成
[2026-08-01 08:00:01] 開始轉換時間範圍: 2026-08-01 07:00:00 到 2026-08-01 07:59:59
[2026-08-01 08:00:01] ℹ su_web 該時段內無資料變動，未生成有效 SQL。
[2026-08-01 08:00:01] ℹ sm_m2 該時段內無資料變動，未生成有效 SQL。
[2026-08-01 08:00:01] ℹ 備份檔案完成
[2026-08-01 08:30:01] 開始轉換時間範圍: 2026-08-01 07:00:00 到 2026-08-01 07:59:59
[2026-08-01 08:30:01] ℹ su_web 該時段內無資料變動，未生成有效 SQL。
[2026-08-01 08:30:01] ℹ sm_m2 該時段內無資料變動，未生成有效 SQL。
[2026-08-01 08:30:01] ℹ 備份檔案完成
[2026-08-01 09:00:01] 開始轉換時間範圍: 2026-08-01 08:00:00 到 2026-08-01 08:59:59
[2026-08-01 09:00:01] ℹ su_web 該時段內無資料變動，未生成有效 SQL。
[2026-08-01 09:00:01] ℹ sm_m2 該時段內無資料變動，未生成有效 SQL。
[2026-08-01 09:00:01] ℹ 備份檔案完成
[2026-08-01 09:30:01] 開始轉換時間範圍: 2026-08-01 08:00:00 到 2026-08-01 08:59:59
[2026-08-01 09:30:01] ℹ su_web 該時段內無資料變動，未生成有效 SQL。
[2026-08-01 09:30:01] ℹ sm_m2 該時段內無資料變動，未生成有效 SQL。
[2026-08-01 09:30:01] ℹ 備份檔案完成
[2026-08-01 10:00:01] 開始轉換時間範圍: 2026-08-01 09:00:00 到 2026-08-01 09:59:59
[2026-08-01 10:00:01] ℹ su_web 該時段內無資料變動，未生成有效 SQL。
[2026-08-01 10:00:01] ℹ sm_m2 該時段內無資料變動，未生成有效 SQL。
[2026-08-01 10:00:01] ℹ 備份檔案完成
[2026-08-01 10:30:01] 開始轉換時間範圍: 2026-08-01 09:00:00 到 2026-08-01 09:59:59
[2026-08-01 10:30:01] ℹ su_web 該時段內無資料變動，未生成有效 SQL。
[2026-08-01 10:30:01] ℹ sm_m2 該時段內無資料變動，未生成有效 SQL。
[2026-08-01 10:30:01] ℹ 備份檔案完成
[2026-08-01 11:00:01] 開始轉換時間範圍: 2026-08-01 10:00:00 到 2026-08-01 10:59:59
[2026-08-01 11:00:01] ℹ su_web 該時段內無資料變動，未生成有效 SQL。
[2026-08-01 11:00:01] ℹ sm_m2 該時段內無資料變動，未生成有效 SQL。
[2026-08-01 11:00:01] ℹ 備份檔案完成
[2026-08-01 11:30:01] 開始轉換時間範圍: 2026-08-01 10:00:00 到 2026-08-01 10:59:59
[2026-08-01 11:30:01] ℹ su_web 該時段內無資料變動，未生成有效 SQL。
[2026-08-01 11:30:01] ℹ sm_m2 該時段內無資料變動，未生成有效 SQL。
[2026-08-01 11:30:02] ℹ 備份檔案完成
[2026-08-01 12:00:01] 開始轉換時間範圍: 2026-08-01 11:00:00 到 2026-08-01 11:59:59
[2026-08-01 12:00:01] ℹ su_web 該時段內無資料變動，未生成有效 SQL。
[2026-08-01 12:00:01] ℹ sm_m2 該時段內無資料變動，未生成有效 SQL。
[2026-08-01 12:00:01] ℹ 備份檔案完成
[2026-08-01 12:30:02] 開始轉換時間範圍: 2026-08-01 11:00:00 到 2026-08-01 11:59:59
[2026-08-01 12:30:02] ℹ su_web 該時段內無資料變動，未生成有效 SQL。
[2026-08-01 12:30:02] ℹ sm_m2 該時段內無資料變動，未生成有效 SQL。
[2026-08-01 12:30:02] ℹ 備份檔案完成
[2026-08-01 13:00:01] 開始轉換時間範圍: 2026-08-01 12:00:00 到 2026-08-01 12:59:59
[2026-08-01 13:00:01] ℹ su_web 該時段內無資料變動，未生成有效 SQL。
[2026-08-01 13:00:01] ℹ sm_m2 該時段內無資料變動，未生成有效 SQL。
[2026-08-01 13:00:01] ℹ 備份檔案完成
[2026-08-01 13:30:01] 開始轉換時間範圍: 2026-08-01 12:00:00 到 2026-08-01 12:59:59
[2026-08-01 13:30:01] ℹ su_web 該時段內無資料變動，未生成有效 SQL。
[2026-08-01 13:30:01] ℹ sm_m2 該時段內無資料變動，未生成有效 SQL。
[2026-08-01 13:30:01] ℹ 備份檔案完成
[2026-08-01 14:00:01] 開始轉換時間範圍: 2026-08-01 13:00:00 到 2026-08-01 13:59:59
[2026-08-01 14:00:01] ℹ su_web 該時段內無資料變動，未生成有效 SQL。
[2026-08-01 14:00:01] ℹ sm_m2 該時段內無資料變動，未生成有效 SQL。
[2026-08-01 14:00:01] ℹ 備份檔案完成
[2026-08-01 14:30:01] 開始轉換時間範圍: 2026-08-01 13:00:00 到 2026-08-01 13:59:59
[2026-08-01 14:30:01] ℹ su_web 該時段內無資料變動，未生成有效 SQL。
[2026-08-01 14:30:02] ℹ sm_m2 該時段內無資料變動，未生成有效 SQL。
[2026-08-01 14:30:02] ℹ 備份檔案完成
[2026-08-01 15:00:01] 開始轉換時間範圍: 2026-08-01 14:00:00 到 2026-08-01 14:59:59
[2026-08-01 15:00:01] ℹ su_web 該時段內無資料變動，未生成有效 SQL。
[2026-08-01 15:00:01] ℹ sm_m2 該時段內無資料變動，未生成有效 SQL。
[2026-08-01 15:00:01] ℹ 備份檔案完成
[2026-08-01 15:30:01] 開始轉換時間範圍: 2026-08-01 14:00:00 到 2026-08-01 14:59:59
[2026-08-01 15:30:01] ℹ su_web 該時段內無資料變動，未生成有效 SQL。
[2026-08-01 15:30:01] ℹ sm_m2 該時段內無資料變動，未生成有效 SQL。
[2026-08-01 15:30:01] ℹ 備份檔案完成
[2026-08-01 16:00:01] 開始轉換時間範圍: 2026-08-01 15:00:00 到 2026-08-01 15:59:59
[2026-08-01 16:00:01] ℹ su_web 該時段內無資料變動，未生成有效 SQL。
[2026-08-01 16:00:01] ℹ sm_m2 該時段內無資料變動，未生成有效 SQL。
[2026-08-01 16:00:01] ℹ 備份檔案完成
[2026-08-01 16:30:01] 開始轉換時間範圍: 2026-08-01 15:00:00 到 2026-08-01 15:59:59
[2026-08-01 16:30:01] ℹ su_web 該時段內無資料變動，未生成有效 SQL。
[2026-08-01 16:30:01] ℹ sm_m2 該時段內無資料變動，未生成有效 SQL。
[2026-08-01 16:30:02] ℹ 備份檔案完成
[2026-08-01 17:00:01] 開始轉換時間範圍: 2026-08-01 16:00:00 到 2026-08-01 16:59:59
[2026-08-01 17:00:01] ℹ su_web 該時段內無資料變動，未生成有效 SQL。
[2026-08-01 17:00:01] ℹ sm_m2 該時段內無資料變動，未生成有效 SQL。
[2026-08-01 17:00:01] ℹ 備份檔案完成
[2026-08-01 17:30:01] 開始轉換時間範圍: 2026-08-01 16:00:00 到 2026-08-01 16:59:59
[2026-08-01 17:30:01] ℹ su_web 該時段內無資料變動，未生成有效 SQL。
[2026-08-01 17:30:01] ℹ sm_m2 該時段內無資料變動，未生成有效 SQL。
[2026-08-01 17:30:01] ℹ 備份檔案完成
[2026-08-01 18:00:01] 開始轉換時間範圍: 2026-08-01 17:00:00 到 2026-08-01 17:59:59
[2026-08-01 18:00:01] ℹ su_web 該時段內無資料變動，未生成有效 SQL。
[2026-08-01 18:00:01] ℹ sm_m2 該時段內無資料變動，未生成有效 SQL。
[2026-08-01 18:00:01] ℹ 備份檔案完成
[2026-08-01 18:30:01] 開始轉換時間範圍: 2026-08-01 17:00:00 到 2026-08-01 17:59:59
[2026-08-01 18:30:01] ℹ su_web 該時段內無資料變動，未生成有效 SQL。
[2026-08-01 18:30:01] ℹ sm_m2 該時段內無資料變動，未生成有效 SQL。
[2026-08-01 18:30:01] ℹ 備份檔案完成
[2026-08-01 19:00:01] 開始轉換時間範圍: 2026-08-01 18:00:00 到 2026-08-01 18:59:59
[2026-08-01 19:00:02] ℹ su_web 該時段內無資料變動，未生成有效 SQL。
[2026-08-01 19:00:02] ℹ sm_m2 該時段內無資料變動，未生成有效 SQL。
[2026-08-01 19:00:02] ℹ 備份檔案完成
[2026-08-01 19:30:01] 開始轉換時間範圍: 2026-08-01 18:00:00 到 2026-08-01 18:59:59
[2026-08-01 19:30:01] ℹ su_web 該時段內無資料變動，未生成有效 SQL。
[2026-08-01 19:30:01] ℹ sm_m2 該時段內無資料變動，未生成有效 SQL。
[2026-08-01 19:30:01] ℹ 備份檔案完成
[2026-08-01 20:00:01] 開始轉換時間範圍: 2026-08-01 19:00:00 到 2026-08-01 19:59:59
[2026-08-01 20:00:01] ℹ su_web 該時段內無資料變動，未生成有效 SQL。
[2026-08-01 20:00:01] ℹ sm_m2 該時段內無資料變動，未生成有效 SQL。
[2026-08-01 20:00:01] ℹ 備份檔案完成
[2026-08-01 20:30:02] 開始轉換時間範圍: 2026-08-01 19:00:00 到 2026-08-01 19:59:59
[2026-08-01 20:30:02] ℹ su_web 該時段內無資料變動，未生成有效 SQL。
[2026-08-01 20:30:02] ℹ sm_m2 該時段內無資料變動，未生成有效 SQL。
[2026-08-01 20:30:02] ℹ 備份檔案完成
[2026-08-01 21:00:01] 開始轉換時間範圍: 2026-08-01 20:00:00 到 2026-08-01 20:59:59
[2026-08-01 21:00:01] ℹ su_web 該時段內無資料變動，未生成有效 SQL。
[2026-08-01 21:00:01] ℹ sm_m2 該時段內無資料變動，未生成有效 SQL。
[2026-08-01 21:00:02] ℹ 備份檔案完成
[2026-08-01 21:30:01] 開始轉換時間範圍: 2026-08-01 20:00:00 到 2026-08-01 20:59:59
[2026-08-01 21:30:01] ℹ su_web 該時段內無資料變動，未生成有效 SQL。
[2026-08-01 21:30:01] ℹ sm_m2 該時段內無資料變動，未生成有效 SQL。
[2026-08-01 21:30:01] ℹ 備份檔案完成
[2026-08-01 22:00:01] 開始轉換時間範圍: 2026-08-01 21:00:00 到 2026-08-01 21:59:59
[2026-08-01 22:00:01] ℹ su_web 該時段內無資料變動，未生成有效 SQL。
[2026-08-01 22:00:01] ℹ sm_m2 該時段內無資料變動，未生成有效 SQL。
[2026-08-01 22:00:01] ℹ 備份檔案完成
[2026-08-01 22:30:01] 開始轉換時間範圍: 2026-08-01 21:00:00 到 2026-08-01 21:59:59
[2026-08-01 22:30:01] ℹ su_web 該時段內無資料變動，未生成有效 SQL。
[2026-08-01 22:30:01] ℹ sm_m2 該時段內無資料變動，未生成有效 SQL。
[2026-08-01 22:30:01] ℹ 備份檔案完成
[2026-08-01 23:00:01] 開始轉換時間範圍: 2026-08-01 22:00:00 到 2026-08-01 22:59:59
[2026-08-01 23:00:01] ℹ su_web 該時段內無資料變動，未生成有效 SQL。
[2026-08-01 23:00:01] ℹ sm_m2 該時段內無資料變動，未生成有效 SQL。
[2026-08-01 23:00:01] ℹ 備份檔案完成
[2026-08-01 23:30:01] 開始轉換時間範圍: 2026-08-01 22:00:00 到 2026-08-01 22:59:59
[2026-08-01 23:30:01] ℹ su_web 該時段內無資料變動，未生成有效 SQL。
[2026-08-01 23:30:01] ℹ sm_m2 該時段內無資料變動，未生成有效 SQL。
[2026-08-01 23:30:01] ℹ 備份檔案完成
[2026-08-02 00:00:01] 開始轉換時間範圍: 2026-08-01 23:00:00 到 2026-08-01 23:59:59
[2026-08-02 00:00:01] ℹ su_web 該時段內無資料變動，未生成有效 SQL。
[2026-08-02 00:00:01] ℹ sm_m2 該時段內無資料變動，未生成有效 SQL。
[2026-08-02 00:00:01] ℹ 備份檔案完成
[2026-08-02 00:30:01] 開始轉換時間範圍: 2026-08-01 23:00:00 到 2026-08-01 23:59:59
[2026-08-02 00:30:01] ℹ su_web 該時段內無資料變動，未生成有效 SQL。
[2026-08-02 00:30:01] ℹ sm_m2 該時段內無資料變動，未生成有效 SQL。
[2026-08-02 00:30:02] ℹ 備份檔案完成
[2026-08-02 01:00:01] 開始轉換時間範圍: 2026-08-02 00:00:00 到 2026-08-02 00:59:59
[2026-08-02 01:00:01] ℹ su_web 該時段內無資料變動，未生成有效 SQL。
[2026-08-02 01:00:01] ℹ sm_m2 該時段內無資料變動，未生成有效 SQL。
[2026-08-02 01:00:01] ℹ 備份檔案完成
[2026-08-02 01:30:02] 開始轉換時間範圍: 2026-08-02 00:00:00 到 2026-08-02 00:59:59
[2026-08-02 01:30:02] ℹ su_web 該時段內無資料變動，未生成有效 SQL。
[2026-08-02 01:30:02] ℹ sm_m2 該時段內無資料變動，未生成有效 SQL。
[2026-08-02 01:30:02] ℹ 備份檔案完成
[2026-08-02 02:00:02] 開始轉換時間範圍: 2026-08-02 01:00:00 到 2026-08-02 01:59:59
[2026-08-02 02:00:02] ℹ su_web 該時段內無資料變動，未生成有效 SQL。
[2026-08-02 02:00:02] ℹ sm_m2 該時段內無資料變動，未生成有效 SQL。
[2026-08-02 02:00:02] ℹ 備份檔案完成
[2026-08-02 02:30:01] 開始轉換時間範圍: 2026-08-02 01:00:00 到 2026-08-02 01:59:59
[2026-08-02 02:30:01] ℹ su_web 該時段內無資料變動，未生成有效 SQL。
[2026-08-02 02:30:02] ℹ sm_m2 該時段內無資料變動，未生成有效 SQL。
[2026-08-02 02:30:02] ℹ 備份檔案完成
[2026-08-02 03:00:01] 開始轉換時間範圍: 2026-08-02 02:00:00 到 2026-08-02 02:59:59
[2026-08-02 03:00:01] ℹ su_web 該時段內無資料變動，未生成有效 SQL。
[2026-08-02 03:00:01] ℹ sm_m2 該時段內無資料變動，未生成有效 SQL。
[2026-08-02 03:00:01] ℹ 備份檔案完成
[2026-08-02 03:30:01] 開始轉換時間範圍: 2026-08-02 02:00:00 到 2026-08-02 02:59:59
[2026-08-02 03:30:01] ℹ su_web 該時段內無資料變動，未生成有效 SQL。
[2026-08-02 03:30:01] ℹ sm_m2 該時段內無資料變動，未生成有效 SQL。
[2026-08-02 03:30:01] ℹ 備份檔案完成
[2026-08-02 04:00:01] 開始轉換時間範圍: 2026-08-02 03:00:00 到 2026-08-02 03:59:59
[2026-08-02 04:00:01] ℹ su_web 該時段內無資料變動，未生成有效 SQL。
[2026-08-02 04:00:01] ℹ sm_m2 該時段內無資料變動，未生成有效 SQL。
[2026-08-02 04:00:02] ℹ 備份檔案完成
[2026-08-02 04:30:01] 開始轉換時間範圍: 2026-08-02 03:00:00 到 2026-08-02 03:59:59
[2026-08-02 04:30:01] ℹ su_web 該時段內無資料變動，未生成有效 SQL。
[2026-08-02 04:30:01] ℹ sm_m2 該時段內無資料變動，未生成有效 SQL。
[2026-08-02 04:30:01] ℹ 備份檔案完成
[2026-08-02 05:00:01] 開始轉換時間範圍: 2026-08-02 04:00:00 到 2026-08-02 04:59:59
[2026-08-02 05:00:01] ℹ su_web 該時段內無資料變動，未生成有效 SQL。
[2026-08-02 05:00:01] ℹ sm_m2 該時段內無資料變動，未生成有效 SQL。
[2026-08-02 05:00:01] ℹ 備份檔案完成
[2026-08-02 05:30:01] 開始轉換時間範圍: 2026-08-02 04:00:00 到 2026-08-02 04:59:59
[2026-08-02 05:30:01] ℹ su_web 該時段內無資料變動，未生成有效 SQL。
[2026-08-02 05:30:01] ℹ sm_m2 該時段內無資料變動，未生成有效 SQL。
[2026-08-02 05:30:01] ℹ 備份檔案完成
[2026-08-02 06:00:01] 開始轉換時間範圍: 2026-08-02 05:00:00 到 2026-08-02 05:59:59
[2026-08-02 06:00:01] ℹ su_web 該時段內無資料變動，未生成有效 SQL。
[2026-08-02 06:00:01] ℹ sm_m2 該時段內無資料變動，未生成有效 SQL。
[2026-08-02 06:00:01] ℹ 備份檔案完成
[2026-08-02 06:30:02] 開始轉換時間範圍: 2026-08-02 05:00:00 到 2026-08-02 05:59:59
[2026-08-02 06:30:02] ℹ su_web 該時段內無資料變動，未生成有效 SQL。
[2026-08-02 06:30:02] ℹ sm_m2 該時段內無資料變動，未生成有效 SQL。
[2026-08-02 06:30:02] ℹ 備份檔案完成
[2026-08-02 07:00:01] 開始轉換時間範圍: 2026-08-02 06:00:00 到 2026-08-02 06:59:59
[2026-08-02 07:00:01] ℹ su_web 該時段內無資料變動，未生成有效 SQL。
[2026-08-02 07:00:01] ℹ sm_m2 該時段內無資料變動，未生成有效 SQL。
[2026-08-02 07:00:01] ℹ 備份檔案完成
[2026-08-02 07:30:01] 開始轉換時間範圍: 2026-08-02 06:00:00 到 2026-08-02 06:59:59
[2026-08-02 07:30:01] ℹ su_web 該時段內無資料變動，未生成有效 SQL。
[2026-08-02 07:30:01] ℹ sm_m2 該時段內無資料變動，未生成有效 SQL。
[2026-08-02 07:30:01] ℹ 備份檔案完成
[2026-08-02 08:00:01] 開始轉換時間範圍: 2026-08-02 07:00:00 到 2026-08-02 07:59:59
[2026-08-02 08:00:01] ℹ su_web 該時段內無資料變動，未生成有效 SQL。
[2026-08-02 08:00:01] ℹ sm_m2 該時段內無資料變動，未生成有效 SQL。
[2026-08-02 08:00:01] ℹ 備份檔案完成
[2026-08-02 08:30:01] 開始轉換時間範圍: 2026-08-02 07:00:00 到 2026-08-02 07:59:59
[2026-08-02 08:30:01] ℹ su_web 該時段內無資料變動，未生成有效 SQL。
[2026-08-02 08:30:01] ℹ sm_m2 該時段內無資料變動，未生成有效 SQL。
[2026-08-02 08:30:01] ℹ 備份檔案完成
[2026-08-02 09:00:02] 開始轉換時間範圍: 2026-08-02 08:00:00 到 2026-08-02 08:59:59
[2026-08-02 09:00:02] ℹ su_web 該時段內無資料變動，未生成有效 SQL。
[2026-08-02 09:00:02] ℹ sm_m2 該時段內無資料變動，未生成有效 SQL。
[2026-08-02 09:00:02] ℹ 備份檔案完成
[2026-08-02 09:30:01] 開始轉換時間範圍: 2026-08-02 08:00:00 到 2026-08-02 08:59:59
[2026-08-02 09:30:01] ℹ su_web 該時段內無資料變動，未生成有效 SQL。
[2026-08-02 09:30:01] ℹ sm_m2 該時段內無資料變動，未生成有效 SQL。
[2026-08-02 09:30:02] ℹ 備份檔案完成
[2026-08-02 10:00:01] 開始轉換時間範圍: 2026-08-02 09:00:00 到 2026-08-02 09:59:59
[2026-08-02 10:00:01] ℹ su_web 該時段內無資料變動，未生成有效 SQL。
[2026-08-02 10:00:01] ℹ sm_m2 該時段內無資料變動，未生成有效 SQL。
[2026-08-02 10:00:01] ℹ 備份檔案完成
[2026-08-02 10:30:02] 開始轉換時間範圍: 2026-08-02 09:00:00 到 2026-08-02 09:59:59
[2026-08-02 10:30:02] ℹ su_web 該時段內無資料變動，未生成有效 SQL。
[2026-08-02 10:30:02] ℹ sm_m2 該時段內無資料變動，未生成有效 SQL。
[2026-08-02 10:30:02] ℹ 備份檔案完成
[2026-08-02 11:00:01] 開始轉換時間範圍: 2026-08-02 10:00:00 到 2026-08-02 10:59:59
[2026-08-02 11:00:01] ℹ su_web 該時段內無資料變動，未生成有效 SQL。
[2026-08-02 11:00:01] ℹ sm_m2 該時段內無資料變動，未生成有效 SQL。
[2026-08-02 11:00:01] ℹ 備份檔案完成
[2026-08-02 11:30:01] 開始轉換時間範圍: 2026-08-02 10:00:00 到 2026-08-02 10:59:59
[2026-08-02 11:30:01] ℹ su_web 該時段內無資料變動，未生成有效 SQL。
[2026-08-02 11:30:01] ℹ sm_m2 該時段內無資料變動，未生成有效 SQL。
[2026-08-02 11:30:01] ℹ 備份檔案完成
[2026-08-02 12:00:01] 開始轉換時間範圍: 2026-08-02 11:00:00 到 2026-08-02 11:59:59
[2026-08-02 12:00:01] ℹ su_web 該時段內無資料變動，未生成有效 SQL。
[2026-08-02 12:00:01] ℹ sm_m2 該時段內無資料變動，未生成有效 SQL。
[2026-08-02 12:00:01] ℹ 備份檔案完成
[2026-08-02 12:30:01] 開始轉換時間範圍: 2026-08-02 11:00:00 到 2026-08-02 11:59:59
[2026-08-02 12:30:01] ℹ su_web 該時段內無資料變動，未生成有效 SQL。
[2026-08-02 12:30:01] ℹ sm_m2 該時段內無資料變動，未生成有效 SQL。
[2026-08-02 12:30:01] ℹ 備份檔案完成
[2026-08-02 13:00:01] 開始轉換時間範圍: 2026-08-02 12:00:00 到 2026-08-02 12:59:59
[2026-08-02 13:00:01] ℹ su_web 該時段內無資料變動，未生成有效 SQL。
[2026-08-02 13:00:01] ℹ sm_m2 該時段內無資料變動，未生成有效 SQL。
[2026-08-02 13:00:01] ℹ 備份檔案完成
[2026-08-02 13:30:01] 開始轉換時間範圍: 2026-08-02 12:00:00 到 2026-08-02 12:59:59
[2026-08-02 13:30:02] ℹ su_web 該時段內無資料變動，未生成有效 SQL。
[2026-08-02 13:30:02] ℹ sm_m2 該時段內無資料變動，未生成有效 SQL。
[2026-08-02 13:30:02] ℹ 備份檔案完成
[2026-08-02 14:00:01] 開始轉換時間範圍: 2026-08-02 13:00:00 到 2026-08-02 13:59:59
[2026-08-02 14:00:01] ℹ su_web 該時段內無資料變動，未生成有效 SQL。
[2026-08-02 14:00:01] ℹ sm_m2 該時段內無資料變動，未生成有效 SQL。
[2026-08-02 14:00:01] ℹ 備份檔案完成
[2026-08-02 14:30:01] 開始轉換時間範圍: 2026-08-02 13:00:00 到 2026-08-02 13:59:59
[2026-08-02 14:30:01] ℹ su_web 該時段內無資料變動，未生成有效 SQL。
[2026-08-02 14:30:01] ℹ sm_m2 該時段內無資料變動，未生成有效 SQL。
[2026-08-02 14:30:01] ℹ 備份檔案完成
[2026-08-02 15:00:01] 開始轉換時間範圍: 2026-08-02 14:00:00 到 2026-08-02 14:59:59
[2026-08-02 15:00:01] ℹ su_web 該時段內無資料變動，未生成有效 SQL。
[2026-08-02 15:00:01] ℹ sm_m2 該時段內無資料變動，未生成有效 SQL。
[2026-08-02 15:00:01] ℹ 備份檔案完成
[2026-08-02 15:30:01] 開始轉換時間範圍: 2026-08-02 14:00:00 到 2026-08-02 14:59:59
[2026-08-02 15:30:02] ℹ su_web 該時段內無資料變動，未生成有效 SQL。
[2026-08-02 15:30:02] ℹ sm_m2 該時段內無資料變動，未生成有效 SQL。
[2026-08-02 15:30:02] ℹ 備份檔案完成
[2026-08-02 16:00:01] 開始轉換時間範圍: 2026-08-02 15:00:00 到 2026-08-02 15:59:59
[2026-08-02 16:00:01] ℹ su_web 該時段內無資料變動，未生成有效 SQL。
[2026-08-02 16:00:01] ℹ sm_m2 該時段內無資料變動，未生成有效 SQL。
[2026-08-02 16:00:01] ℹ 備份檔案完成
[2026-08-02 16:30:02] 開始轉換時間範圍: 2026-08-02 15:00:00 到 2026-08-02 15:59:59
[2026-08-02 16:30:02] ℹ su_web 該時段內無資料變動，未生成有效 SQL。
[2026-08-02 16:30:02] ℹ sm_m2 該時段內無資料變動，未生成有效 SQL。
[2026-08-02 16:30:02] ℹ 備份檔案完成
[2026-08-02 17:00:01] 開始轉換時間範圍: 2026-08-02 16:00:00 到 2026-08-02 16:59:59
[2026-08-02 17:00:01] ℹ su_web 該時段內無資料變動，未生成有效 SQL。
[2026-08-02 17:00:01] ℹ sm_m2 該時段內無資料變動，未生成有效 SQL。
[2026-08-02 17:00:01] ℹ 備份檔案完成
[2026-08-02 17:30:01] 開始轉換時間範圍: 2026-08-02 16:00:00 到 2026-08-02 16:59:59
[2026-08-02 17:30:01] ℹ su_web 該時段內無資料變動，未生成有效 SQL。
[2026-08-02 17:30:01] ℹ sm_m2 該時段內無資料變動，未生成有效 SQL。
[2026-08-02 17:30:01] ℹ 備份檔案完成
[2026-08-02 18:00:01] 開始轉換時間範圍: 2026-08-02 17:00:00 到 2026-08-02 17:59:59
[2026-08-02 18:00:01] ℹ su_web 該時段內無資料變動，未生成有效 SQL。
[2026-08-02 18:00:01] ℹ sm_m2 該時段內無資料變動，未生成有效 SQL。
[2026-08-02 18:00:01] ℹ 備份檔案完成
[2026-08-02 18:30:02] 開始轉換時間範圍: 2026-08-02 17:00:00 到 2026-08-02 17:59:59
[2026-08-02 18:30:02] ℹ su_web 該時段內無資料變動，未生成有效 SQL。
[2026-08-02 18:30:02] ℹ sm_m2 該時段內無資料變動，未生成有效 SQL。
[2026-08-02 18:30:02] ℹ 備份檔案完成
[2026-08-02 19:00:01] 開始轉換時間範圍: 2026-08-02 18:00:00 到 2026-08-02 18:59:59
[2026-08-02 19:00:01] ℹ su_web 該時段內無資料變動，未生成有效 SQL。
[2026-08-02 19:00:01] ℹ sm_m2 該時段內無資料變動，未生成有效 SQL。
[2026-08-02 19:00:01] ℹ 備份檔案完成
[2026-08-02 19:30:01] 開始轉換時間範圍: 2026-08-02 18:00:00 到 2026-08-02 18:59:59
[2026-08-02 19:30:01] ℹ su_web 該時段內無資料變動，未生成有效 SQL。
[2026-08-02 19:30:01] ℹ sm_m2 該時段內無資料變動，未生成有效 SQL。
[2026-08-02 19:30:02] ℹ 備份檔案完成
[2026-08-02 20:00:01] 開始轉換時間範圍: 2026-08-02 19:00:00 到 2026-08-02 19:59:59
[2026-08-02 20:00:01] ℹ su_web 該時段內無資料變動，未生成有效 SQL。
[2026-08-02 20:00:01] ℹ sm_m2 該時段內無資料變動，未生成有效 SQL。
[2026-08-02 20:00:01] ℹ 備份檔案完成
[2026-08-02 20:30:01] 開始轉換時間範圍: 2026-08-02 19:00:00 到 2026-08-02 19:59:59
[2026-08-02 20:30:01] ℹ su_web 該時段內無資料變動，未生成有效 SQL。
[2026-08-02 20:30:01] ℹ sm_m2 該時段內無資料變動，未生成有效 SQL。
[2026-08-02 20:30:01] ℹ 備份檔案完成
[2026-08-02 21:00:01] 開始轉換時間範圍: 2026-08-02 20:00:00 到 2026-08-02 20:59:59
[2026-08-02 21:00:01] ℹ su_web 該時段內無資料變動，未生成有效 SQL。
[2026-08-02 21:00:01] ℹ sm_m2 該時段內無資料變動，未生成有效 SQL。
[2026-08-02 21:00:01] ℹ 備份檔案完成
[2026-08-02 21:30:02] 開始轉換時間範圍: 2026-08-02 20:00:00 到 2026-08-02 20:59:59
[2026-08-02 21:30:02] ℹ su_web 該時段內無資料變動，未生成有效 SQL。
[2026-08-02 21:30:02] ℹ sm_m2 該時段內無資料變動，未生成有效 SQL。
[2026-08-02 21:30:02] ℹ 備份檔案完成
[2026-08-02 22:00:01] 開始轉換時間範圍: 2026-08-02 21:00:00 到 2026-08-02 21:59:59
[2026-08-02 22:00:01] ℹ su_web 該時段內無資料變動，未生成有效 SQL。
[2026-08-02 22:00:01] ℹ sm_m2 該時段內無資料變動，未生成有效 SQL。
[2026-08-02 22:00:01] ℹ 備份檔案完成
[2026-08-02 22:30:01] 開始轉換時間範圍: 2026-08-02 21:00:00 到 2026-08-02 21:59:59
[2026-08-02 22:30:01] ℹ su_web 該時段內無資料變動，未生成有效 SQL。
[2026-08-02 22:30:01] ℹ sm_m2 該時段內無資料變動，未生成有效 SQL。
[2026-08-02 22:30:02] ℹ 備份檔案完成
[2026-08-02 23:00:01] 開始轉換時間範圍: 2026-08-02 22:00:00 到 2026-08-02 22:59:59
[2026-08-02 23:00:01] ℹ su_web 該時段內無資料變動，未生成有效 SQL。
[2026-08-02 23:00:01] ℹ sm_m2 該時段內無資料變動，未生成有效 SQL。
[2026-08-02 23:00:01] ℹ 備份檔案完成
[2026-08-02 23:30:02] 開始轉換時間範圍: 2026-08-02 22:00:00 到 2026-08-02 22:59:59
[2026-08-02 23:30:02] ℹ su_web 該時段內無資料變動，未生成有效 SQL。
[2026-08-02 23:30:02] ℹ sm_m2 該時段內無資料變動，未生成有效 SQL。
[2026-08-02 23:30:02] ℹ 備份檔案完成
[2026-08-03 00:00:01] 開始轉換時間範圍: 2026-08-02 23:00:00 到 2026-08-02 23:59:59
[2026-08-03 00:00:01] ℹ su_web 該時段內無資料變動，未生成有效 SQL。
[2026-08-03 00:00:01] ℹ sm_m2 該時段內無資料變動，未生成有效 SQL。
[2026-08-03 00:00:01] ℹ 備份檔案完成
[2026-08-03 00:30:01] 開始轉換時間範圍: 2026-08-02 23:00:00 到 2026-08-02 23:59:59
[2026-08-03 00:30:01] ℹ su_web 該時段內無資料變動，未生成有效 SQL。
[2026-08-03 00:30:01] ℹ sm_m2 該時段內無資料變動，未生成有效 SQL。
[2026-08-03 00:30:02] ℹ 備份檔案完成
[2026-08-03 01:00:01] 開始轉換時間範圍: 2026-08-03 00:00:00 到 2026-08-03 00:59:59
[2026-08-03 01:00:01] ℹ su_web 該時段內無資料變動，未生成有效 SQL。
[2026-08-03 01:00:01] ℹ sm_m2 該時段內無資料變動，未生成有效 SQL。
[2026-08-03 01:00:01] ℹ 備份檔案完成
[2026-08-03 01:30:01] 開始轉換時間範圍: 2026-08-03 00:00:00 到 2026-08-03 00:59:59
[2026-08-03 01:30:01] ℹ su_web 該時段內無資料變動，未生成有效 SQL。
[2026-08-03 01:30:01] ℹ sm_m2 該時段內無資料變動，未生成有效 SQL。
[2026-08-03 01:30:02] ℹ 備份檔案完成
[2026-08-03 02:00:01] 開始轉換時間範圍: 2026-08-03 01:00:00 到 2026-08-03 01:59:59
[2026-08-03 02:00:01] ℹ su_web 該時段內無資料變動，未生成有效 SQL。
[2026-08-03 02:00:01] ℹ sm_m2 該時段內無資料變動，未生成有效 SQL。
[2026-08-03 02:00:01] ℹ 備份檔案完成
[2026-08-03 02:30:01] 開始轉換時間範圍: 2026-08-03 01:00:00 到 2026-08-03 01:59:59
[2026-08-03 02:30:01] ℹ su_web 該時段內無資料變動，未生成有效 SQL。
[2026-08-03 02:30:01] ℹ sm_m2 該時段內無資料變動，未生成有效 SQL。
[2026-08-03 02:30:01] ℹ 備份檔案完成
[2026-08-03 03:00:01] 開始轉換時間範圍: 2026-08-03 02:00:00 到 2026-08-03 02:59:59
[2026-08-03 03:00:01] ℹ su_web 該時段內無資料變動，未生成有效 SQL。
[2026-08-03 03:00:01] ℹ sm_m2 該時段內無資料變動，未生成有效 SQL。
[2026-08-03 03:00:01] ℹ 備份檔案完成
[2026-08-03 03:30:01] 開始轉換時間範圍: 2026-08-03 02:00:00 到 2026-08-03 02:59:59
[2026-08-03 03:30:01] ℹ su_web 該時段內無資料變動，未生成有效 SQL。
[2026-08-03 03:30:01] ℹ sm_m2 該時段內無資料變動，未生成有效 SQL。
[2026-08-03 03:30:01] ℹ 備份檔案完成
[2026-08-03 04:00:01] 開始轉換時間範圍: 2026-08-03 03:00:00 到 2026-08-03 03:59:59
[2026-08-03 04:00:01] ℹ su_web 該時段內無資料變動，未生成有效 SQL。
[2026-08-03 04:00:01] ℹ sm_m2 該時段內無資料變動，未生成有效 SQL。
[2026-08-03 04:00:01] ℹ 備份檔案完成
[2026-08-03 04:30:01] 開始轉換時間範圍: 2026-08-03 03:00:00 到 2026-08-03 03:59:59
[2026-08-03 04:30:01] ℹ su_web 該時段內無資料變動，未生成有效 SQL。
[2026-08-03 04:30:01] ℹ sm_m2 該時段內無資料變動，未生成有效 SQL。
[2026-08-03 04:30:02] ℹ 備份檔案完成
[2026-08-03 05:00:01] 開始轉換時間範圍: 2026-08-03 04:00:00 到 2026-08-03 04:59:59
[2026-08-03 05:00:01] ℹ su_web 該時段內無資料變動，未生成有效 SQL。
[2026-08-03 05:00:01] ℹ sm_m2 該時段內無資料變動，未生成有效 SQL。
[2026-08-03 05:00:01] ℹ 備份檔案完成
[2026-08-03 05:30:01] 開始轉換時間範圍: 2026-08-03 04:00:00 到 2026-08-03 04:59:59
[2026-08-03 05:30:01] ℹ su_web 該時段內無資料變動，未生成有效 SQL。
[2026-08-03 05:30:01] ℹ sm_m2 該時段內無資料變動，未生成有效 SQL。
[2026-08-03 05:30:01] ℹ 備份檔案完成
[2026-08-03 06:00:02] 開始轉換時間範圍: 2026-08-03 05:00:00 到 2026-08-03 05:59:59
[2026-08-03 06:00:02] ℹ su_web 該時段內無資料變動，未生成有效 SQL。
[2026-08-03 06:00:02] ℹ sm_m2 該時段內無資料變動，未生成有效 SQL。
[2026-08-03 06:00:02] ℹ 備份檔案完成
[2026-08-03 06:30:01] 開始轉換時間範圍: 2026-08-03 05:00:00 到 2026-08-03 05:59:59
[2026-08-03 06:30:01] ℹ su_web 該時段內無資料變動，未生成有效 SQL。
[2026-08-03 06:30:01] ℹ sm_m2 該時段內無資料變動，未生成有效 SQL。
[2026-08-03 06:30:01] ℹ 備份檔案完成
[2026-08-03 07:00:02] 開始轉換時間範圍: 2026-08-03 06:00:00 到 2026-08-03 06:59:59
[2026-08-03 07:00:02] ℹ su_web 該時段內無資料變動，未生成有效 SQL。
[2026-08-03 07:00:02] ℹ sm_m2 該時段內無資料變動，未生成有效 SQL。
[2026-08-03 07:00:02] ℹ 備份檔案完成
[2026-08-03 07:30:01] 開始轉換時間範圍: 2026-08-03 06:00:00 到 2026-08-03 06:59:59
[2026-08-03 07:30:02] ℹ su_web 該時段內無資料變動，未生成有效 SQL。
[2026-08-03 07:30:02] ℹ sm_m2 該時段內無資料變動，未生成有效 SQL。
[2026-08-03 07:30:02] ℹ 備份檔案完成
[2026-08-03 08:00:01] 開始轉換時間範圍: 2026-08-03 07:00:00 到 2026-08-03 07:59:59
[2026-08-03 08:00:01] ℹ su_web 該時段內無資料變動，未生成有效 SQL。
[2026-08-03 08:00:01] ℹ sm_m2 該時段內無資料變動，未生成有效 SQL。
[2026-08-03 08:00:01] ℹ 備份檔案完成
[2026-08-03 08:30:01] 開始轉換時間範圍: 2026-08-03 07:00:00 到 2026-08-03 07:59:59
[2026-08-03 08:30:01] ℹ su_web 該時段內無資料變動，未生成有效 SQL。
[2026-08-03 08:30:01] ℹ sm_m2 該時段內無資料變動，未生成有效 SQL。
[2026-08-03 08:30:02] ℹ 備份檔案完成
[2026-08-03 09:00:01] 開始轉換時間範圍: 2026-08-03 08:00:00 到 2026-08-03 08:59:59
[2026-08-03 09:00:01] ℹ su_web 該時段內無資料變動，未生成有效 SQL。
[2026-08-03 09:00:01] ℹ sm_m2 該時段內無資料變動，未生成有效 SQL。
[2026-08-03 09:00:01] ℹ 備份檔案完成
[2026-08-03 09:30:01] 開始轉換時間範圍: 2026-08-03 08:00:00 到 2026-08-03 08:59:59
[2026-08-03 09:30:01] ℹ su_web 該時段內無資料變動，未生成有效 SQL。
[2026-08-03 09:30:01] ℹ sm_m2 該時段內無資料變動，未生成有效 SQL。
[2026-08-03 09:30:01] ℹ 備份檔案完成
[2026-08-03 10:00:01] 開始轉換時間範圍: 2026-08-03 09:00:00 到 2026-08-03 09:59:59
[2026-08-03 10:00:01] ✓ su_web 完成: /mnt/web/www/hksu/.db/files/2026/08/03/20260803_09_Backup_su_web.sql.zip
[2026-08-03 10:00:01] ℹ sm_m2 該時段內無資料變動，未生成有效 SQL。
[2026-08-03 10:00:01] ℹ 備份檔案，提交 Git 。
[2026-08-03 10:00:01] ℹ 備份檔案，add . 完成。
[2026-08-03 10:00:02] ℹ 備份檔案，commit -m backup 20260803_09 完成。
[2026-08-03 10:00:02] ℹ 備份檔案，開始 push。
[2026-08-03 10:00:03] ℹ 備份檔案完成
[2026-08-03 10:30:01] 開始轉換時間範圍: 2026-08-03 09:00:00 到 2026-08-03 09:59:59
[2026-08-03 10:30:01] ✓ su_web 完成: /mnt/web/www/hksu/.db/files/2026/08/03/20260803_09_Backup_su_web.sql.zip
[2026-08-03 10:30:01] ℹ sm_m2 該時段內無資料變動，未生成有效 SQL。
[2026-08-03 10:30:01] ℹ 備份檔案，提交 Git 。
[2026-08-03 10:30:02] ℹ 備份檔案，add . 完成。
[2026-08-03 10:30:02] ℹ 備份檔案，commit -m backup 20260803_09 完成。
[2026-08-03 10:30:02] ℹ 備份檔案，開始 push。
[2026-08-03 10:30:04] ℹ 備份檔案完成
[2026-08-03 11:00:01] 開始轉換時間範圍: 2026-08-03 10:00:00 到 2026-08-03 10:59:59
[2026-08-03 11:00:01] ℹ su_web 該時段內無資料變動，未生成有效 SQL。
[2026-08-03 11:00:01] ℹ sm_m2 該時段內無資料變動，未生成有效 SQL。
[2026-08-03 11:00:01] ℹ 備份檔案完成
[2026-08-03 11:30:01] 開始轉換時間範圍: 2026-08-03 10:00:00 到 2026-08-03 10:59:59
[2026-08-03 11:30:02] ℹ su_web 該時段內無資料變動，未生成有效 SQL。
[2026-08-03 11:30:02] ℹ sm_m2 該時段內無資料變動，未生成有效 SQL。
[2026-08-03 11:30:02] ℹ 備份檔案完成
[2026-08-03 12:00:01] 開始轉換時間範圍: 2026-08-03 11:00:00 到 2026-08-03 11:59:59
[2026-08-03 12:00:01] ℹ su_web 該時段內無資料變動，未生成有效 SQL。
[2026-08-03 12:00:01] ℹ sm_m2 該時段內無資料變動，未生成有效 SQL。
[2026-08-03 12:00:01] ℹ 備份檔案完成
[2026-08-03 12:30:02] 開始轉換時間範圍: 2026-08-03 11:00:00 到 2026-08-03 11:59:59
[2026-08-03 12:30:02] ℹ su_web 該時段內無資料變動，未生成有效 SQL。
[2026-08-03 12:30:02] ℹ sm_m2 該時段內無資料變動，未生成有效 SQL。
[2026-08-03 12:30:02] ℹ 備份檔案完成
[2026-08-03 13:00:01] 開始轉換時間範圍: 2026-08-03 12:00:00 到 2026-08-03 12:59:59
[2026-08-03 13:00:01] ℹ su_web 該時段內無資料變動，未生成有效 SQL。
[2026-08-03 13:00:01] ℹ sm_m2 該時段內無資料變動，未生成有效 SQL。
[2026-08-03 13:00:02] ℹ 備份檔案完成
[2026-08-03 13:30:01] 開始轉換時間範圍: 2026-08-03 12:00:00 到 2026-08-03 12:59:59
[2026-08-03 13:30:01] ℹ su_web 該時段內無資料變動，未生成有效 SQL。
[2026-08-03 13:30:01] ℹ sm_m2 該時段內無資料變動，未生成有效 SQL。
[2026-08-03 13:30:01] ℹ 備份檔案完成
[2026-08-03 14:00:01] 開始轉換時間範圍: 2026-08-03 13:00:00 到 2026-08-03 13:59:59
[2026-08-03 14:00:01] ℹ su_web 該時段內無資料變動，未生成有效 SQL。
[2026-08-03 14:00:01] ℹ sm_m2 該時段內無資料變動，未生成有效 SQL。
[2026-08-03 14:00:01] ℹ 備份檔案完成
[2026-08-03 14:30:01] 開始轉換時間範圍: 2026-08-03 13:00:00 到 2026-08-03 13:59:59
[2026-08-03 14:30:01] ℹ su_web 該時段內無資料變動，未生成有效 SQL。
[2026-08-03 14:30:01] ℹ sm_m2 該時段內無資料變動，未生成有效 SQL。
[2026-08-03 14:30:01] ℹ 備份檔案完成
[2026-08-03 15:00:01] 開始轉換時間範圍: 2026-08-03 14:00:00 到 2026-08-03 14:59:59
[2026-08-03 15:00:01] ✓ su_web 完成: /mnt/web/www/hksu/.db/files/2026/08/03/20260803_14_Backup_su_web.sql.zip
[2026-08-03 15:00:01] ℹ sm_m2 該時段內無資料變動，未生成有效 SQL。
[2026-08-03 15:00:01] ℹ 備份檔案，提交 Git 。
[2026-08-03 15:00:01] ℹ 備份檔案，add . 完成。
[2026-08-03 15:00:02] ℹ 備份檔案，commit -m backup 20260803_14 完成。
[2026-08-03 15:00:02] ℹ 備份檔案，開始 push。
[2026-08-03 15:00:04] ℹ 備份檔案完成
[2026-08-03 15:30:02] 開始轉換時間範圍: 2026-08-03 14:00:00 到 2026-08-03 14:59:59
[2026-08-03 15:30:02] ✓ su_web 完成: /mnt/web/www/hksu/.db/files/2026/08/03/20260803_14_Backup_su_web.sql.zip
[2026-08-03 15:30:02] ℹ sm_m2 該時段內無資料變動，未生成有效 SQL。
[2026-08-03 15:30:02] ℹ 備份檔案，提交 Git 。
