[2026-04-01 00:00:02] 開始轉換時間範圍: 2026-03-31 23:00:00 到 2026-03-31 23:59:59
[2026-04-01 00:00:02] ℹ su_web 該時段內無資料變動，未生成有效 SQL。
[2026-04-01 00:00:02] ℹ sm_m2 該時段內無資料變動，未生成有效 SQL。
[2026-04-01 00:00:02] ℹ 備份檔案完成
[2026-04-01 00:30:02] 開始轉換時間範圍: 2026-03-31 23:00:00 到 2026-03-31 23:59:59
[2026-04-01 00:30:02] ℹ su_web 該時段內無資料變動，未生成有效 SQL。
[2026-04-01 00:30:02] ℹ sm_m2 該時段內無資料變動，未生成有效 SQL。
[2026-04-01 00:30:02] ℹ 備份檔案完成
[2026-04-01 01:00:01] 開始轉換時間範圍: 2026-04-01 00:00:00 到 2026-04-01 00:59:59
[2026-04-01 01:00:01] ℹ su_web 該時段內無資料變動，未生成有效 SQL。
[2026-04-01 01:00:01] ℹ sm_m2 該時段內無資料變動，未生成有效 SQL。
[2026-04-01 01:00:01] ℹ 備份檔案完成
[2026-04-01 01:30:01] 開始轉換時間範圍: 2026-04-01 00:00:00 到 2026-04-01 00:59:59
[2026-04-01 01:30:01] ℹ su_web 該時段內無資料變動，未生成有效 SQL。
[2026-04-01 01:30:01] ℹ sm_m2 該時段內無資料變動，未生成有效 SQL。
[2026-04-01 01:30:01] ℹ 備份檔案完成
[2026-04-01 02:00:01] 開始轉換時間範圍: 2026-04-01 01:00:00 到 2026-04-01 01:59:59
[2026-04-01 02:00:01] ℹ su_web 該時段內無資料變動，未生成有效 SQL。
[2026-04-01 02:00:01] ℹ sm_m2 該時段內無資料變動，未生成有效 SQL。
[2026-04-01 02:00:01] ℹ 備份檔案完成
[2026-04-01 02:30:01] 開始轉換時間範圍: 2026-04-01 01:00:00 到 2026-04-01 01:59:59
[2026-04-01 02:30:02] ℹ su_web 該時段內無資料變動，未生成有效 SQL。
[2026-04-01 02:30:02] ℹ sm_m2 該時段內無資料變動，未生成有效 SQL。
[2026-04-01 02:30:02] ℹ 備份檔案完成
[2026-04-01 03:00:01] 開始轉換時間範圍: 2026-04-01 02:00:00 到 2026-04-01 02:59:59
[2026-04-01 03:00:01] ℹ su_web 該時段內無資料變動，未生成有效 SQL。
[2026-04-01 03:00:01] ℹ sm_m2 該時段內無資料變動，未生成有效 SQL。
[2026-04-01 03:00:01] ℹ 備份檔案完成
[2026-04-01 03:30:01] 開始轉換時間範圍: 2026-04-01 02:00:00 到 2026-04-01 02:59:59
[2026-04-01 03:30:01] ℹ su_web 該時段內無資料變動，未生成有效 SQL。
[2026-04-01 03:30:01] ℹ sm_m2 該時段內無資料變動，未生成有效 SQL。
[2026-04-01 03:30:02] ℹ 備份檔案完成
[2026-04-01 04:00:01] 開始轉換時間範圍: 2026-04-01 03:00:00 到 2026-04-01 03:59:59
[2026-04-01 04:00:01] ℹ su_web 該時段內無資料變動，未生成有效 SQL。
[2026-04-01 04:00:01] ℹ sm_m2 該時段內無資料變動，未生成有效 SQL。
[2026-04-01 04:00:01] ℹ 備份檔案完成
[2026-04-01 04:30:01] 開始轉換時間範圍: 2026-04-01 03:00:00 到 2026-04-01 03:59:59
[2026-04-01 04:30:01] ℹ su_web 該時段內無資料變動，未生成有效 SQL。
[2026-04-01 04:30:01] ℹ sm_m2 該時段內無資料變動，未生成有效 SQL。
[2026-04-01 04:30:01] ℹ 備份檔案完成
[2026-04-01 05:00:01] 開始轉換時間範圍: 2026-04-01 04:00:00 到 2026-04-01 04:59:59
[2026-04-01 05:00:01] ℹ su_web 該時段內無資料變動，未生成有效 SQL。
[2026-04-01 05:00:01] ℹ sm_m2 該時段內無資料變動，未生成有效 SQL。
[2026-04-01 05:00:02] ℹ 備份檔案完成
[2026-04-01 05:30:01] 開始轉換時間範圍: 2026-04-01 04:00:00 到 2026-04-01 04:59:59
[2026-04-01 05:30:02] ℹ su_web 該時段內無資料變動，未生成有效 SQL。
[2026-04-01 05:30:02] ℹ sm_m2 該時段內無資料變動，未生成有效 SQL。
[2026-04-01 05:30:02] ℹ 備份檔案完成
[2026-04-01 06:00:01] 開始轉換時間範圍: 2026-04-01 05:00:00 到 2026-04-01 05:59:59
[2026-04-01 06:00:01] ℹ su_web 該時段內無資料變動，未生成有效 SQL。
[2026-04-01 06:00:01] ℹ sm_m2 該時段內無資料變動，未生成有效 SQL。
[2026-04-01 06:00:01] ℹ 備份檔案完成
[2026-04-01 06:30:01] 開始轉換時間範圍: 2026-04-01 05:00:00 到 2026-04-01 05:59:59
[2026-04-01 06:30:01] ℹ su_web 該時段內無資料變動，未生成有效 SQL。
[2026-04-01 06:30:02] ℹ sm_m2 該時段內無資料變動，未生成有效 SQL。
[2026-04-01 06:30:02] ℹ 備份檔案完成
[2026-04-01 07:00:01] 開始轉換時間範圍: 2026-04-01 06:00:00 到 2026-04-01 06:59:59
[2026-04-01 07:00:01] ℹ su_web 該時段內無資料變動，未生成有效 SQL。
[2026-04-01 07:00:01] ℹ sm_m2 該時段內無資料變動，未生成有效 SQL。
[2026-04-01 07:00:01] ℹ 備份檔案完成
[2026-04-01 07:30:01] 開始轉換時間範圍: 2026-04-01 06:00:00 到 2026-04-01 06:59:59
[2026-04-01 07:30:02] ℹ su_web 該時段內無資料變動，未生成有效 SQL。
[2026-04-01 07:30:02] ℹ sm_m2 該時段內無資料變動，未生成有效 SQL。
[2026-04-01 07:30:02] ℹ 備份檔案完成
[2026-04-01 08:00:01] 開始轉換時間範圍: 2026-04-01 07:00:00 到 2026-04-01 07:59:59
[2026-04-01 08:00:01] ℹ su_web 該時段內無資料變動，未生成有效 SQL。
[2026-04-01 08:00:01] ℹ sm_m2 該時段內無資料變動，未生成有效 SQL。
[2026-04-01 08:00:01] ℹ 備份檔案完成
[2026-04-01 08:30:01] 開始轉換時間範圍: 2026-04-01 07:00:00 到 2026-04-01 07:59:59
[2026-04-01 08:30:01] ℹ su_web 該時段內無資料變動，未生成有效 SQL。
[2026-04-01 08:30:01] ℹ sm_m2 該時段內無資料變動，未生成有效 SQL。
[2026-04-01 08:30:01] ℹ 備份檔案完成
[2026-04-01 09:00:01] 開始轉換時間範圍: 2026-04-01 08:00:00 到 2026-04-01 08:59:59
[2026-04-01 09:00:01] ℹ su_web 該時段內無資料變動，未生成有效 SQL。
[2026-04-01 09:00:01] ℹ sm_m2 該時段內無資料變動，未生成有效 SQL。
[2026-04-01 09:00:01] ℹ 備份檔案完成
[2026-04-01 09:30:01] 開始轉換時間範圍: 2026-04-01 08:00:00 到 2026-04-01 08:59:59
[2026-04-01 09:30:01] ℹ su_web 該時段內無資料變動，未生成有效 SQL。
[2026-04-01 09:30:01] ℹ sm_m2 該時段內無資料變動，未生成有效 SQL。
[2026-04-01 09:30:02] ℹ 備份檔案完成
[2026-04-01 10:00:02] 開始轉換時間範圍: 2026-04-01 09:00:00 到 2026-04-01 09:59:59
[2026-04-01 10:00:02] ℹ su_web 該時段內無資料變動，未生成有效 SQL。
[2026-04-01 10:00:02] ℹ sm_m2 該時段內無資料變動，未生成有效 SQL。
[2026-04-01 10:00:02] ℹ 備份檔案完成
[2026-04-01 10:30:01] 開始轉換時間範圍: 2026-04-01 09:00:00 到 2026-04-01 09:59:59
[2026-04-01 10:30:01] ℹ su_web 該時段內無資料變動，未生成有效 SQL。
[2026-04-01 10:30:01] ℹ sm_m2 該時段內無資料變動，未生成有效 SQL。
[2026-04-01 10:30:02] ℹ 備份檔案完成
[2026-04-01 11:00:01] 開始轉換時間範圍: 2026-04-01 10:00:00 到 2026-04-01 10:59:59
[2026-04-01 11:00:02] ℹ su_web 該時段內無資料變動，未生成有效 SQL。
[2026-04-01 11:00:02] ℹ sm_m2 該時段內無資料變動，未生成有效 SQL。
[2026-04-01 11:00:02] ℹ 備份檔案完成
[2026-04-01 11:30:01] 開始轉換時間範圍: 2026-04-01 10:00:00 到 2026-04-01 10:59:59
[2026-04-01 11:30:01] ℹ su_web 該時段內無資料變動，未生成有效 SQL。
[2026-04-01 11:30:01] ℹ sm_m2 該時段內無資料變動，未生成有效 SQL。
[2026-04-01 11:30:01] ℹ 備份檔案完成
[2026-04-01 12:00:01] 開始轉換時間範圍: 2026-04-01 11:00:00 到 2026-04-01 11:59:59
[2026-04-01 12:00:01] ℹ su_web 該時段內無資料變動，未生成有效 SQL。
[2026-04-01 12:00:01] ℹ sm_m2 該時段內無資料變動，未生成有效 SQL。
[2026-04-01 12:00:01] ℹ 備份檔案完成
[2026-04-01 12:30:01] 開始轉換時間範圍: 2026-04-01 11:00:00 到 2026-04-01 11:59:59
[2026-04-01 12:30:01] ℹ su_web 該時段內無資料變動，未生成有效 SQL。
[2026-04-01 12:30:01] ℹ sm_m2 該時段內無資料變動，未生成有效 SQL。
[2026-04-01 12:30:01] ℹ 備份檔案完成
[2026-04-01 13:00:02] 開始轉換時間範圍: 2026-04-01 12:00:00 到 2026-04-01 12:59:59
[2026-04-01 13:00:02] ℹ su_web 該時段內無資料變動，未生成有效 SQL。
[2026-04-01 13:00:02] ℹ sm_m2 該時段內無資料變動，未生成有效 SQL。
[2026-04-01 13:00:02] ℹ 備份檔案完成
[2026-04-01 13:30:02] 開始轉換時間範圍: 2026-04-01 12:00:00 到 2026-04-01 12:59:59
[2026-04-01 13:30:02] ℹ su_web 該時段內無資料變動，未生成有效 SQL。
[2026-04-01 13:30:02] ℹ sm_m2 該時段內無資料變動，未生成有效 SQL。
[2026-04-01 13:30:02] ℹ 備份檔案完成
[2026-04-01 14:00:01] 開始轉換時間範圍: 2026-04-01 13:00:00 到 2026-04-01 13:59:59
[2026-04-01 14:00:01] ℹ su_web 該時段內無資料變動，未生成有效 SQL。
[2026-04-01 14:00:01] ℹ sm_m2 該時段內無資料變動，未生成有效 SQL。
[2026-04-01 14:00:01] ℹ 備份檔案完成
[2026-04-01 14:30:01] 開始轉換時間範圍: 2026-04-01 13:00:00 到 2026-04-01 13:59:59
[2026-04-01 14:30:01] ℹ su_web 該時段內無資料變動，未生成有效 SQL。
[2026-04-01 14:30:01] ℹ sm_m2 該時段內無資料變動，未生成有效 SQL。
[2026-04-01 14:30:01] ℹ 備份檔案完成
[2026-04-01 15:00:01] 開始轉換時間範圍: 2026-04-01 14:00:00 到 2026-04-01 14:59:59
[2026-04-01 15:00:01] ℹ su_web 該時段內無資料變動，未生成有效 SQL。
[2026-04-01 15:00:01] ℹ sm_m2 該時段內無資料變動，未生成有效 SQL。
[2026-04-01 15:00:02] ℹ 備份檔案完成
[2026-04-01 15:30:01] 開始轉換時間範圍: 2026-04-01 14:00:00 到 2026-04-01 14:59:59
[2026-04-01 15:30:01] ℹ su_web 該時段內無資料變動，未生成有效 SQL。
[2026-04-01 15:30:01] ℹ sm_m2 該時段內無資料變動，未生成有效 SQL。
[2026-04-01 15:30:01] ℹ 備份檔案完成
[2026-04-01 16:00:01] 開始轉換時間範圍: 2026-04-01 15:00:00 到 2026-04-01 15:59:59
[2026-04-01 16:00:01] ℹ su_web 該時段內無資料變動，未生成有效 SQL。
[2026-04-01 16:00:01] ℹ sm_m2 該時段內無資料變動，未生成有效 SQL。
[2026-04-01 16:00:02] ℹ 備份檔案完成
[2026-04-01 16:30:01] 開始轉換時間範圍: 2026-04-01 15:00:00 到 2026-04-01 15:59:59
[2026-04-01 16:30:02] ℹ su_web 該時段內無資料變動，未生成有效 SQL。
[2026-04-01 16:30:02] ℹ sm_m2 該時段內無資料變動，未生成有效 SQL。
[2026-04-01 16:30:02] ℹ 備份檔案完成
[2026-04-01 17:00:01] 開始轉換時間範圍: 2026-04-01 16:00:00 到 2026-04-01 16:59:59
[2026-04-01 17:00:01] ℹ su_web 該時段內無資料變動，未生成有效 SQL。
[2026-04-01 17:00:01] ℹ sm_m2 該時段內無資料變動，未生成有效 SQL。
[2026-04-01 17:00:01] ℹ 備份檔案完成
[2026-04-01 17:30:01] 開始轉換時間範圍: 2026-04-01 16:00:00 到 2026-04-01 16:59:59
[2026-04-01 17:30:01] ℹ su_web 該時段內無資料變動，未生成有效 SQL。
[2026-04-01 17:30:01] ℹ sm_m2 該時段內無資料變動，未生成有效 SQL。
[2026-04-01 17:30:01] ℹ 備份檔案完成
[2026-04-01 18:00:02] 開始轉換時間範圍: 2026-04-01 17:00:00 到 2026-04-01 17:59:59
[2026-04-01 18:00:02] ℹ su_web 該時段內無資料變動，未生成有效 SQL。
[2026-04-01 18:00:02] ℹ sm_m2 該時段內無資料變動，未生成有效 SQL。
[2026-04-01 18:00:02] ℹ 備份檔案完成
[2026-04-01 18:30:02] 開始轉換時間範圍: 2026-04-01 17:00:00 到 2026-04-01 17:59:59
[2026-04-01 18:30:02] ℹ su_web 該時段內無資料變動，未生成有效 SQL。
[2026-04-01 18:30:02] ℹ sm_m2 該時段內無資料變動，未生成有效 SQL。
[2026-04-01 18:30:02] ℹ 備份檔案完成
[2026-04-01 19:00:01] 開始轉換時間範圍: 2026-04-01 18:00:00 到 2026-04-01 18:59:59
[2026-04-01 19:00:01] ℹ su_web 該時段內無資料變動，未生成有效 SQL。
[2026-04-01 19:00:01] ℹ sm_m2 該時段內無資料變動，未生成有效 SQL。
[2026-04-01 19:00:01] ℹ 備份檔案完成
[2026-04-01 19:30:02] 開始轉換時間範圍: 2026-04-01 18:00:00 到 2026-04-01 18:59:59
[2026-04-01 19:30:02] ℹ su_web 該時段內無資料變動，未生成有效 SQL。
[2026-04-01 19:30:02] ℹ sm_m2 該時段內無資料變動，未生成有效 SQL。
[2026-04-01 19:30:02] ℹ 備份檔案完成
[2026-04-01 20:00:01] 開始轉換時間範圍: 2026-04-01 19:00:00 到 2026-04-01 19:59:59
[2026-04-01 20:00:01] ℹ su_web 該時段內無資料變動，未生成有效 SQL。
[2026-04-01 20:00:01] ℹ sm_m2 該時段內無資料變動，未生成有效 SQL。
[2026-04-01 20:00:01] ℹ 備份檔案完成
[2026-04-01 20:30:01] 開始轉換時間範圍: 2026-04-01 19:00:00 到 2026-04-01 19:59:59
[2026-04-01 20:30:01] ℹ su_web 該時段內無資料變動，未生成有效 SQL。
[2026-04-01 20:30:01] ℹ sm_m2 該時段內無資料變動，未生成有效 SQL。
[2026-04-01 20:30:02] ℹ 備份檔案完成
[2026-04-01 21:00:02] 開始轉換時間範圍: 2026-04-01 20:00:00 到 2026-04-01 20:59:59
[2026-04-01 21:00:02] ℹ su_web 該時段內無資料變動，未生成有效 SQL。
[2026-04-01 21:00:02] ℹ sm_m2 該時段內無資料變動，未生成有效 SQL。
[2026-04-01 21:00:02] ℹ 備份檔案完成
[2026-04-01 21:30:02] 開始轉換時間範圍: 2026-04-01 20:00:00 到 2026-04-01 20:59:59
[2026-04-01 21:30:02] ℹ su_web 該時段內無資料變動，未生成有效 SQL。
[2026-04-01 21:30:02] ℹ sm_m2 該時段內無資料變動，未生成有效 SQL。
[2026-04-01 21:30:02] ℹ 備份檔案完成
[2026-04-01 22:00:01] 開始轉換時間範圍: 2026-04-01 21:00:00 到 2026-04-01 21:59:59
[2026-04-01 22:00:01] ℹ su_web 該時段內無資料變動，未生成有效 SQL。
[2026-04-01 22:00:01] ℹ sm_m2 該時段內無資料變動，未生成有效 SQL。
[2026-04-01 22:00:01] ℹ 備份檔案完成
[2026-04-01 22:30:01] 開始轉換時間範圍: 2026-04-01 21:00:00 到 2026-04-01 21:59:59
[2026-04-01 22:30:02] ℹ su_web 該時段內無資料變動，未生成有效 SQL。
[2026-04-01 22:30:02] ℹ sm_m2 該時段內無資料變動，未生成有效 SQL。
[2026-04-01 22:30:02] ℹ 備份檔案完成
[2026-04-01 23:00:01] 開始轉換時間範圍: 2026-04-01 22:00:00 到 2026-04-01 22:59:59
[2026-04-01 23:00:01] ℹ su_web 該時段內無資料變動，未生成有效 SQL。
[2026-04-01 23:00:01] ℹ sm_m2 該時段內無資料變動，未生成有效 SQL。
[2026-04-01 23:00:01] ℹ 備份檔案完成
[2026-04-01 23:30:01] 開始轉換時間範圍: 2026-04-01 22:00:00 到 2026-04-01 22:59:59
[2026-04-01 23:30:01] ℹ su_web 該時段內無資料變動，未生成有效 SQL。
[2026-04-01 23:30:01] ℹ sm_m2 該時段內無資料變動，未生成有效 SQL。
[2026-04-01 23:30:01] ℹ 備份檔案完成
[2026-04-02 00:00:02] 開始轉換時間範圍: 2026-04-01 23:00:00 到 2026-04-01 23:59:59
[2026-04-02 00:00:02] ℹ su_web 該時段內無資料變動，未生成有效 SQL。
[2026-04-02 00:00:02] ℹ sm_m2 該時段內無資料變動，未生成有效 SQL。
[2026-04-02 00:00:02] ℹ 備份檔案完成
[2026-04-02 00:30:01] 開始轉換時間範圍: 2026-04-01 23:00:00 到 2026-04-01 23:59:59
[2026-04-02 00:30:01] ℹ su_web 該時段內無資料變動，未生成有效 SQL。
[2026-04-02 00:30:01] ℹ sm_m2 該時段內無資料變動，未生成有效 SQL。
[2026-04-02 00:30:01] ℹ 備份檔案完成
[2026-04-02 01:00:01] 開始轉換時間範圍: 2026-04-02 00:00:00 到 2026-04-02 00:59:59
[2026-04-02 01:00:01] ℹ su_web 該時段內無資料變動，未生成有效 SQL。
[2026-04-02 01:00:01] ℹ sm_m2 該時段內無資料變動，未生成有效 SQL。
[2026-04-02 01:00:01] ℹ 備份檔案完成
[2026-04-02 01:30:01] 開始轉換時間範圍: 2026-04-02 00:00:00 到 2026-04-02 00:59:59
[2026-04-02 01:30:01] ℹ su_web 該時段內無資料變動，未生成有效 SQL。
[2026-04-02 01:30:01] ℹ sm_m2 該時段內無資料變動，未生成有效 SQL。
[2026-04-02 01:30:02] ℹ 備份檔案完成
[2026-04-02 02:00:01] 開始轉換時間範圍: 2026-04-02 01:00:00 到 2026-04-02 01:59:59
[2026-04-02 02:00:01] ℹ su_web 該時段內無資料變動，未生成有效 SQL。
[2026-04-02 02:00:01] ℹ sm_m2 該時段內無資料變動，未生成有效 SQL。
[2026-04-02 02:00:01] ℹ 備份檔案完成
[2026-04-02 02:30:01] 開始轉換時間範圍: 2026-04-02 01:00:00 到 2026-04-02 01:59:59
[2026-04-02 02:30:01] ℹ su_web 該時段內無資料變動，未生成有效 SQL。
[2026-04-02 02:30:01] ℹ sm_m2 該時段內無資料變動，未生成有效 SQL。
[2026-04-02 02:30:01] ℹ 備份檔案完成
[2026-04-02 03:00:01] 開始轉換時間範圍: 2026-04-02 02:00:00 到 2026-04-02 02:59:59
[2026-04-02 03:00:02] ℹ su_web 該時段內無資料變動，未生成有效 SQL。
[2026-04-02 03:00:02] ℹ sm_m2 該時段內無資料變動，未生成有效 SQL。
[2026-04-02 03:00:02] ℹ 備份檔案完成
[2026-04-02 03:30:01] 開始轉換時間範圍: 2026-04-02 02:00:00 到 2026-04-02 02:59:59
[2026-04-02 03:30:01] ℹ su_web 該時段內無資料變動，未生成有效 SQL。
[2026-04-02 03:30:01] ℹ sm_m2 該時段內無資料變動，未生成有效 SQL。
[2026-04-02 03:30:01] ℹ 備份檔案完成
[2026-04-02 04:00:01] 開始轉換時間範圍: 2026-04-02 03:00:00 到 2026-04-02 03:59:59
[2026-04-02 04:00:01] ℹ su_web 該時段內無資料變動，未生成有效 SQL。
[2026-04-02 04:00:01] ℹ sm_m2 該時段內無資料變動，未生成有效 SQL。
[2026-04-02 04:00:01] ℹ 備份檔案完成
[2026-04-02 04:30:01] 開始轉換時間範圍: 2026-04-02 03:00:00 到 2026-04-02 03:59:59
[2026-04-02 04:30:01] ℹ su_web 該時段內無資料變動，未生成有效 SQL。
[2026-04-02 04:30:01] ℹ sm_m2 該時段內無資料變動，未生成有效 SQL。
[2026-04-02 04:30:01] ℹ 備份檔案完成
[2026-04-02 05:00:01] 開始轉換時間範圍: 2026-04-02 04:00:00 到 2026-04-02 04:59:59
[2026-04-02 05:00:01] ℹ su_web 該時段內無資料變動，未生成有效 SQL。
[2026-04-02 05:00:01] ℹ sm_m2 該時段內無資料變動，未生成有效 SQL。
[2026-04-02 05:00:01] ℹ 備份檔案完成
[2026-04-02 05:30:01] 開始轉換時間範圍: 2026-04-02 04:00:00 到 2026-04-02 04:59:59
[2026-04-02 05:30:01] ℹ su_web 該時段內無資料變動，未生成有效 SQL。
[2026-04-02 05:30:01] ℹ sm_m2 該時段內無資料變動，未生成有效 SQL。
[2026-04-02 05:30:01] ℹ 備份檔案完成
[2026-04-02 06:00:01] 開始轉換時間範圍: 2026-04-02 05:00:00 到 2026-04-02 05:59:59
[2026-04-02 06:00:01] ℹ su_web 該時段內無資料變動，未生成有效 SQL。
[2026-04-02 06:00:01] ℹ sm_m2 該時段內無資料變動，未生成有效 SQL。
[2026-04-02 06:00:01] ℹ 備份檔案完成
[2026-04-02 06:30:01] 開始轉換時間範圍: 2026-04-02 05:00:00 到 2026-04-02 05:59:59
[2026-04-02 06:30:01] ℹ su_web 該時段內無資料變動，未生成有效 SQL。
[2026-04-02 06:30:01] ℹ sm_m2 該時段內無資料變動，未生成有效 SQL。
[2026-04-02 06:30:02] ℹ 備份檔案完成
[2026-04-02 07:00:01] 開始轉換時間範圍: 2026-04-02 06:00:00 到 2026-04-02 06:59:59
[2026-04-02 07:00:01] ℹ su_web 該時段內無資料變動，未生成有效 SQL。
[2026-04-02 07:00:01] ℹ sm_m2 該時段內無資料變動，未生成有效 SQL。
[2026-04-02 07:00:01] ℹ 備份檔案完成
[2026-04-02 07:30:01] 開始轉換時間範圍: 2026-04-02 06:00:00 到 2026-04-02 06:59:59
[2026-04-02 07:30:01] ℹ su_web 該時段內無資料變動，未生成有效 SQL。
[2026-04-02 07:30:01] ℹ sm_m2 該時段內無資料變動，未生成有效 SQL。
[2026-04-02 07:30:01] ℹ 備份檔案完成
[2026-04-02 08:00:01] 開始轉換時間範圍: 2026-04-02 07:00:00 到 2026-04-02 07:59:59
[2026-04-02 08:00:01] ℹ su_web 該時段內無資料變動，未生成有效 SQL。
[2026-04-02 08:00:01] ℹ sm_m2 該時段內無資料變動，未生成有效 SQL。
[2026-04-02 08:00:01] ℹ 備份檔案完成
[2026-04-02 08:30:01] 開始轉換時間範圍: 2026-04-02 07:00:00 到 2026-04-02 07:59:59
[2026-04-02 08:30:01] ℹ su_web 該時段內無資料變動，未生成有效 SQL。
[2026-04-02 08:30:01] ℹ sm_m2 該時段內無資料變動，未生成有效 SQL。
[2026-04-02 08:30:01] ℹ 備份檔案完成
[2026-04-02 09:00:01] 開始轉換時間範圍: 2026-04-02 08:00:00 到 2026-04-02 08:59:59
[2026-04-02 09:00:01] ℹ su_web 該時段內無資料變動，未生成有效 SQL。
[2026-04-02 09:00:01] ℹ sm_m2 該時段內無資料變動，未生成有效 SQL。
[2026-04-02 09:00:01] ℹ 備份檔案完成
[2026-04-02 09:30:02] 開始轉換時間範圍: 2026-04-02 08:00:00 到 2026-04-02 08:59:59
[2026-04-02 09:30:02] ℹ su_web 該時段內無資料變動，未生成有效 SQL。
[2026-04-02 09:30:02] ℹ sm_m2 該時段內無資料變動，未生成有效 SQL。
[2026-04-02 09:30:02] ℹ 備份檔案完成
[2026-04-02 10:00:01] 開始轉換時間範圍: 2026-04-02 09:00:00 到 2026-04-02 09:59:59
[2026-04-02 10:00:01] ℹ su_web 該時段內無資料變動，未生成有效 SQL。
[2026-04-02 10:00:01] ℹ sm_m2 該時段內無資料變動，未生成有效 SQL。
[2026-04-02 10:00:01] ℹ 備份檔案完成
[2026-04-02 10:30:01] 開始轉換時間範圍: 2026-04-02 09:00:00 到 2026-04-02 09:59:59
[2026-04-02 10:30:01] ℹ su_web 該時段內無資料變動，未生成有效 SQL。
[2026-04-02 10:30:01] ℹ sm_m2 該時段內無資料變動，未生成有效 SQL。
[2026-04-02 10:30:01] ℹ 備份檔案完成
[2026-04-02 11:00:01] 開始轉換時間範圍: 2026-04-02 10:00:00 到 2026-04-02 10:59:59
[2026-04-02 11:00:01] ℹ su_web 該時段內無資料變動，未生成有效 SQL。
[2026-04-02 11:00:01] ℹ sm_m2 該時段內無資料變動，未生成有效 SQL。
[2026-04-02 11:00:01] ℹ 備份檔案完成
[2026-04-02 11:30:01] 開始轉換時間範圍: 2026-04-02 10:00:00 到 2026-04-02 10:59:59
[2026-04-02 11:30:01] ℹ su_web 該時段內無資料變動，未生成有效 SQL。
[2026-04-02 11:30:01] ℹ sm_m2 該時段內無資料變動，未生成有效 SQL。
[2026-04-02 11:30:01] ℹ 備份檔案完成
[2026-04-02 12:00:01] 開始轉換時間範圍: 2026-04-02 11:00:00 到 2026-04-02 11:59:59
[2026-04-02 12:00:01] ℹ su_web 該時段內無資料變動，未生成有效 SQL。
[2026-04-02 12:00:01] ℹ sm_m2 該時段內無資料變動，未生成有效 SQL。
[2026-04-02 12:00:01] ℹ 備份檔案完成
[2026-04-02 12:30:01] 開始轉換時間範圍: 2026-04-02 11:00:00 到 2026-04-02 11:59:59
[2026-04-02 12:30:01] ℹ su_web 該時段內無資料變動，未生成有效 SQL。
[2026-04-02 12:30:01] ℹ sm_m2 該時段內無資料變動，未生成有效 SQL。
[2026-04-02 12:30:02] ℹ 備份檔案完成
[2026-04-02 13:00:02] 開始轉換時間範圍: 2026-04-02 12:00:00 到 2026-04-02 12:59:59
[2026-04-02 13:00:02] ℹ su_web 該時段內無資料變動，未生成有效 SQL。
[2026-04-02 13:00:02] ℹ sm_m2 該時段內無資料變動，未生成有效 SQL。
[2026-04-02 13:00:02] ℹ 備份檔案完成
[2026-04-02 13:30:01] 開始轉換時間範圍: 2026-04-02 12:00:00 到 2026-04-02 12:59:59
[2026-04-02 13:30:01] ℹ su_web 該時段內無資料變動，未生成有效 SQL。
[2026-04-02 13:30:01] ℹ sm_m2 該時段內無資料變動，未生成有效 SQL。
[2026-04-02 13:30:02] ℹ 備份檔案完成
[2026-04-02 14:00:01] 開始轉換時間範圍: 2026-04-02 13:00:00 到 2026-04-02 13:59:59
[2026-04-02 14:00:01] ℹ su_web 該時段內無資料變動，未生成有效 SQL。
[2026-04-02 14:00:01] ℹ sm_m2 該時段內無資料變動，未生成有效 SQL。
[2026-04-02 14:00:01] ℹ 備份檔案完成
[2026-04-02 14:30:01] 開始轉換時間範圍: 2026-04-02 13:00:00 到 2026-04-02 13:59:59
[2026-04-02 14:30:01] ℹ su_web 該時段內無資料變動，未生成有效 SQL。
[2026-04-02 14:30:01] ℹ sm_m2 該時段內無資料變動，未生成有效 SQL。
[2026-04-02 14:30:01] ℹ 備份檔案完成
[2026-04-02 15:00:01] 開始轉換時間範圍: 2026-04-02 14:00:00 到 2026-04-02 14:59:59
[2026-04-02 15:00:01] ℹ su_web 該時段內無資料變動，未生成有效 SQL。
[2026-04-02 15:00:01] ℹ sm_m2 該時段內無資料變動，未生成有效 SQL。
[2026-04-02 15:00:01] ℹ 備份檔案完成
[2026-04-02 15:30:01] 開始轉換時間範圍: 2026-04-02 14:00:00 到 2026-04-02 14:59:59
[2026-04-02 15:30:01] ℹ su_web 該時段內無資料變動，未生成有效 SQL。
[2026-04-02 15:30:01] ℹ sm_m2 該時段內無資料變動，未生成有效 SQL。
[2026-04-02 15:30:01] ℹ 備份檔案完成
[2026-04-02 16:00:01] 開始轉換時間範圍: 2026-04-02 15:00:00 到 2026-04-02 15:59:59
[2026-04-02 16:00:01] ℹ su_web 該時段內無資料變動，未生成有效 SQL。
[2026-04-02 16:00:01] ℹ sm_m2 該時段內無資料變動，未生成有效 SQL。
[2026-04-02 16:00:01] ℹ 備份檔案完成
[2026-04-02 16:30:01] 開始轉換時間範圍: 2026-04-02 15:00:00 到 2026-04-02 15:59:59
[2026-04-02 16:30:01] ℹ su_web 該時段內無資料變動，未生成有效 SQL。
[2026-04-02 16:30:01] ℹ sm_m2 該時段內無資料變動，未生成有效 SQL。
[2026-04-02 16:30:02] ℹ 備份檔案完成
[2026-04-02 17:00:01] 開始轉換時間範圍: 2026-04-02 16:00:00 到 2026-04-02 16:59:59
[2026-04-02 17:00:01] ℹ su_web 該時段內無資料變動，未生成有效 SQL。
[2026-04-02 17:00:01] ℹ sm_m2 該時段內無資料變動，未生成有效 SQL。
[2026-04-02 17:00:01] ℹ 備份檔案完成
[2026-04-02 17:30:01] 開始轉換時間範圍: 2026-04-02 16:00:00 到 2026-04-02 16:59:59
[2026-04-02 17:30:01] ℹ su_web 該時段內無資料變動，未生成有效 SQL。
[2026-04-02 17:30:01] ℹ sm_m2 該時段內無資料變動，未生成有效 SQL。
[2026-04-02 17:30:01] ℹ 備份檔案完成
[2026-04-02 18:00:02] 開始轉換時間範圍: 2026-04-02 17:00:00 到 2026-04-02 17:59:59
[2026-04-02 18:00:02] ℹ su_web 該時段內無資料變動，未生成有效 SQL。
[2026-04-02 18:00:02] ℹ sm_m2 該時段內無資料變動，未生成有效 SQL。
[2026-04-02 18:00:02] ℹ 備份檔案完成
[2026-04-02 18:30:01] 開始轉換時間範圍: 2026-04-02 17:00:00 到 2026-04-02 17:59:59
[2026-04-02 18:30:02] ℹ su_web 該時段內無資料變動，未生成有效 SQL。
[2026-04-02 18:30:02] ℹ sm_m2 該時段內無資料變動，未生成有效 SQL。
[2026-04-02 18:30:02] ℹ 備份檔案完成
[2026-04-02 19:00:02] 開始轉換時間範圍: 2026-04-02 18:00:00 到 2026-04-02 18:59:59
[2026-04-02 19:00:02] ℹ su_web 該時段內無資料變動，未生成有效 SQL。
[2026-04-02 19:00:02] ℹ sm_m2 該時段內無資料變動，未生成有效 SQL。
[2026-04-02 19:00:02] ℹ 備份檔案完成
[2026-04-02 19:30:01] 開始轉換時間範圍: 2026-04-02 18:00:00 到 2026-04-02 18:59:59
[2026-04-02 19:30:01] ℹ su_web 該時段內無資料變動，未生成有效 SQL。
[2026-04-02 19:30:01] ℹ sm_m2 該時段內無資料變動，未生成有效 SQL。
[2026-04-02 19:30:01] ℹ 備份檔案完成
[2026-04-02 20:00:01] 開始轉換時間範圍: 2026-04-02 19:00:00 到 2026-04-02 19:59:59
[2026-04-02 20:00:01] ℹ su_web 該時段內無資料變動，未生成有效 SQL。
[2026-04-02 20:00:01] ℹ sm_m2 該時段內無資料變動，未生成有效 SQL。
[2026-04-02 20:00:01] ℹ 備份檔案完成
[2026-04-02 20:30:01] 開始轉換時間範圍: 2026-04-02 19:00:00 到 2026-04-02 19:59:59
[2026-04-02 20:30:01] ℹ su_web 該時段內無資料變動，未生成有效 SQL。
[2026-04-02 20:30:01] ℹ sm_m2 該時段內無資料變動，未生成有效 SQL。
[2026-04-02 20:30:02] ℹ 備份檔案完成
[2026-04-02 21:00:01] 開始轉換時間範圍: 2026-04-02 20:00:00 到 2026-04-02 20:59:59
[2026-04-02 21:00:01] ℹ su_web 該時段內無資料變動，未生成有效 SQL。
[2026-04-02 21:00:02] ℹ sm_m2 該時段內無資料變動，未生成有效 SQL。
[2026-04-02 21:00:02] ℹ 備份檔案完成
[2026-04-02 21:30:01] 開始轉換時間範圍: 2026-04-02 20:00:00 到 2026-04-02 20:59:59
[2026-04-02 21:30:01] ℹ su_web 該時段內無資料變動，未生成有效 SQL。
[2026-04-02 21:30:01] ℹ sm_m2 該時段內無資料變動，未生成有效 SQL。
[2026-04-02 21:30:02] ℹ 備份檔案完成
[2026-04-02 22:00:01] 開始轉換時間範圍: 2026-04-02 21:00:00 到 2026-04-02 21:59:59
[2026-04-02 22:00:01] ℹ su_web 該時段內無資料變動，未生成有效 SQL。
[2026-04-02 22:00:01] ℹ sm_m2 該時段內無資料變動，未生成有效 SQL。
[2026-04-02 22:00:01] ℹ 備份檔案完成
[2026-04-02 22:30:01] 開始轉換時間範圍: 2026-04-02 21:00:00 到 2026-04-02 21:59:59
[2026-04-02 22:30:01] ℹ su_web 該時段內無資料變動，未生成有效 SQL。
[2026-04-02 22:30:01] ℹ sm_m2 該時段內無資料變動，未生成有效 SQL。
[2026-04-02 22:30:01] ℹ 備份檔案完成
[2026-04-02 23:00:01] 開始轉換時間範圍: 2026-04-02 22:00:00 到 2026-04-02 22:59:59
[2026-04-02 23:00:01] ℹ su_web 該時段內無資料變動，未生成有效 SQL。
[2026-04-02 23:00:01] ℹ sm_m2 該時段內無資料變動，未生成有效 SQL。
[2026-04-02 23:00:01] ℹ 備份檔案完成
[2026-04-02 23:30:01] 開始轉換時間範圍: 2026-04-02 22:00:00 到 2026-04-02 22:59:59
[2026-04-02 23:30:01] ℹ su_web 該時段內無資料變動，未生成有效 SQL。
[2026-04-02 23:30:01] ℹ sm_m2 該時段內無資料變動，未生成有效 SQL。
[2026-04-02 23:30:01] ℹ 備份檔案完成
[2026-04-03 00:00:01] 開始轉換時間範圍: 2026-04-02 23:00:00 到 2026-04-02 23:59:59
[2026-04-03 00:00:01] ℹ su_web 該時段內無資料變動，未生成有效 SQL。
[2026-04-03 00:00:01] ℹ sm_m2 該時段內無資料變動，未生成有效 SQL。
[2026-04-03 00:00:01] ℹ 備份檔案完成
[2026-04-03 00:30:01] 開始轉換時間範圍: 2026-04-02 23:00:00 到 2026-04-02 23:59:59
[2026-04-03 00:30:01] ℹ su_web 該時段內無資料變動，未生成有效 SQL。
[2026-04-03 00:30:01] ℹ sm_m2 該時段內無資料變動，未生成有效 SQL。
[2026-04-03 00:30:01] ℹ 備份檔案完成
[2026-04-03 01:00:01] 開始轉換時間範圍: 2026-04-03 00:00:00 到 2026-04-03 00:59:59
[2026-04-03 01:00:01] ℹ su_web 該時段內無資料變動，未生成有效 SQL。
[2026-04-03 01:00:01] ℹ sm_m2 該時段內無資料變動，未生成有效 SQL。
[2026-04-03 01:00:01] ℹ 備份檔案完成
[2026-04-03 01:30:02] 開始轉換時間範圍: 2026-04-03 00:00:00 到 2026-04-03 00:59:59
[2026-04-03 01:30:02] ℹ su_web 該時段內無資料變動，未生成有效 SQL。
[2026-04-03 01:30:02] ℹ sm_m2 該時段內無資料變動，未生成有效 SQL。
[2026-04-03 01:30:02] ℹ 備份檔案完成
[2026-04-03 02:00:01] 開始轉換時間範圍: 2026-04-03 01:00:00 到 2026-04-03 01:59:59
[2026-04-03 02:00:01] ℹ su_web 該時段內無資料變動，未生成有效 SQL。
[2026-04-03 02:00:01] ℹ sm_m2 該時段內無資料變動，未生成有效 SQL。
[2026-04-03 02:00:01] ℹ 備份檔案完成
[2026-04-03 02:30:01] 開始轉換時間範圍: 2026-04-03 01:00:00 到 2026-04-03 01:59:59
[2026-04-03 02:30:01] ℹ su_web 該時段內無資料變動，未生成有效 SQL。
[2026-04-03 02:30:01] ℹ sm_m2 該時段內無資料變動，未生成有效 SQL。
[2026-04-03 02:30:01] ℹ 備份檔案完成
[2026-04-03 03:00:01] 開始轉換時間範圍: 2026-04-03 02:00:00 到 2026-04-03 02:59:59
[2026-04-03 03:00:01] ℹ su_web 該時段內無資料變動，未生成有效 SQL。
[2026-04-03 03:00:01] ℹ sm_m2 該時段內無資料變動，未生成有效 SQL。
[2026-04-03 03:00:01] ℹ 備份檔案完成
[2026-04-03 03:30:01] 開始轉換時間範圍: 2026-04-03 02:00:00 到 2026-04-03 02:59:59
[2026-04-03 03:30:01] ℹ su_web 該時段內無資料變動，未生成有效 SQL。
[2026-04-03 03:30:01] ℹ sm_m2 該時段內無資料變動，未生成有效 SQL。
[2026-04-03 03:30:01] ℹ 備份檔案完成
[2026-04-03 04:00:01] 開始轉換時間範圍: 2026-04-03 03:00:00 到 2026-04-03 03:59:59
[2026-04-03 04:00:01] ℹ su_web 該時段內無資料變動，未生成有效 SQL。
[2026-04-03 04:00:01] ℹ sm_m2 該時段內無資料變動，未生成有效 SQL。
[2026-04-03 04:00:01] ℹ 備份檔案完成
[2026-04-03 04:30:01] 開始轉換時間範圍: 2026-04-03 03:00:00 到 2026-04-03 03:59:59
[2026-04-03 04:30:01] ℹ su_web 該時段內無資料變動，未生成有效 SQL。
[2026-04-03 04:30:01] ℹ sm_m2 該時段內無資料變動，未生成有效 SQL。
[2026-04-03 04:30:01] ℹ 備份檔案完成
[2026-04-03 05:00:01] 開始轉換時間範圍: 2026-04-03 04:00:00 到 2026-04-03 04:59:59
[2026-04-03 05:00:01] ℹ su_web 該時段內無資料變動，未生成有效 SQL。
[2026-04-03 05:00:01] ℹ sm_m2 該時段內無資料變動，未生成有效 SQL。
[2026-04-03 05:00:01] ℹ 備份檔案完成
[2026-04-03 05:30:02] 開始轉換時間範圍: 2026-04-03 04:00:00 到 2026-04-03 04:59:59
[2026-04-03 05:30:02] ℹ su_web 該時段內無資料變動，未生成有效 SQL。
[2026-04-03 05:30:02] ℹ sm_m2 該時段內無資料變動，未生成有效 SQL。
[2026-04-03 05:30:02] ℹ 備份檔案完成
[2026-04-03 06:00:01] 開始轉換時間範圍: 2026-04-03 05:00:00 到 2026-04-03 05:59:59
[2026-04-03 06:00:01] ℹ su_web 該時段內無資料變動，未生成有效 SQL。
[2026-04-03 06:00:01] ℹ sm_m2 該時段內無資料變動，未生成有效 SQL。
[2026-04-03 06:00:01] ℹ 備份檔案完成
[2026-04-03 06:30:01] 開始轉換時間範圍: 2026-04-03 05:00:00 到 2026-04-03 05:59:59
[2026-04-03 06:30:01] ℹ su_web 該時段內無資料變動，未生成有效 SQL。
[2026-04-03 06:30:01] ℹ sm_m2 該時段內無資料變動，未生成有效 SQL。
[2026-04-03 06:30:01] ℹ 備份檔案完成
[2026-04-03 07:00:01] 開始轉換時間範圍: 2026-04-03 06:00:00 到 2026-04-03 06:59:59
[2026-04-03 07:00:01] ℹ su_web 該時段內無資料變動，未生成有效 SQL。
[2026-04-03 07:00:01] ℹ sm_m2 該時段內無資料變動，未生成有效 SQL。
[2026-04-03 07:00:01] ℹ 備份檔案完成
[2026-04-03 07:30:01] 開始轉換時間範圍: 2026-04-03 06:00:00 到 2026-04-03 06:59:59
[2026-04-03 07:30:01] ℹ su_web 該時段內無資料變動，未生成有效 SQL。
[2026-04-03 07:30:01] ℹ sm_m2 該時段內無資料變動，未生成有效 SQL。
[2026-04-03 07:30:02] ℹ 備份檔案完成
[2026-04-03 08:00:01] 開始轉換時間範圍: 2026-04-03 07:00:00 到 2026-04-03 07:59:59
[2026-04-03 08:00:02] ℹ su_web 該時段內無資料變動，未生成有效 SQL。
[2026-04-03 08:00:02] ℹ sm_m2 該時段內無資料變動，未生成有效 SQL。
[2026-04-03 08:00:02] ℹ 備份檔案完成
[2026-04-03 08:30:01] 開始轉換時間範圍: 2026-04-03 07:00:00 到 2026-04-03 07:59:59
[2026-04-03 08:30:01] ℹ su_web 該時段內無資料變動，未生成有效 SQL。
[2026-04-03 08:30:01] ℹ sm_m2 該時段內無資料變動，未生成有效 SQL。
[2026-04-03 08:30:01] ℹ 備份檔案完成
[2026-04-03 09:00:01] 開始轉換時間範圍: 2026-04-03 08:00:00 到 2026-04-03 08:59:59
[2026-04-03 09:00:01] ℹ su_web 該時段內無資料變動，未生成有效 SQL。
[2026-04-03 09:00:01] ℹ sm_m2 該時段內無資料變動，未生成有效 SQL。
[2026-04-03 09:00:01] ℹ 備份檔案完成
[2026-04-03 09:30:01] 開始轉換時間範圍: 2026-04-03 08:00:00 到 2026-04-03 08:59:59
[2026-04-03 09:30:01] ℹ su_web 該時段內無資料變動，未生成有效 SQL。
[2026-04-03 09:30:01] ℹ sm_m2 該時段內無資料變動，未生成有效 SQL。
[2026-04-03 09:30:01] ℹ 備份檔案完成
[2026-04-03 10:00:02] 開始轉換時間範圍: 2026-04-03 09:00:00 到 2026-04-03 09:59:59
[2026-04-03 10:00:02] ℹ su_web 該時段內無資料變動，未生成有效 SQL。
[2026-04-03 10:00:02] ℹ sm_m2 該時段內無資料變動，未生成有效 SQL。
[2026-04-03 10:00:02] ℹ 備份檔案完成
[2026-04-03 10:30:01] 開始轉換時間範圍: 2026-04-03 09:00:00 到 2026-04-03 09:59:59
[2026-04-03 10:30:01] ℹ su_web 該時段內無資料變動，未生成有效 SQL。
[2026-04-03 10:30:01] ℹ sm_m2 該時段內無資料變動，未生成有效 SQL。
[2026-04-03 10:30:01] ℹ 備份檔案完成
[2026-04-03 11:00:01] 開始轉換時間範圍: 2026-04-03 10:00:00 到 2026-04-03 10:59:59
[2026-04-03 11:00:01] ℹ su_web 該時段內無資料變動，未生成有效 SQL。
[2026-04-03 11:00:02] ℹ sm_m2 該時段內無資料變動，未生成有效 SQL。
[2026-04-03 11:00:02] ℹ 備份檔案完成
[2026-04-03 11:30:01] 開始轉換時間範圍: 2026-04-03 10:00:00 到 2026-04-03 10:59:59
[2026-04-03 11:30:01] ℹ su_web 該時段內無資料變動，未生成有效 SQL。
[2026-04-03 11:30:01] ℹ sm_m2 該時段內無資料變動，未生成有效 SQL。
[2026-04-03 11:30:01] ℹ 備份檔案完成
[2026-04-03 12:00:01] 開始轉換時間範圍: 2026-04-03 11:00:00 到 2026-04-03 11:59:59
[2026-04-03 12:00:01] ℹ su_web 該時段內無資料變動，未生成有效 SQL。
[2026-04-03 12:00:01] ℹ sm_m2 該時段內無資料變動，未生成有效 SQL。
[2026-04-03 12:00:01] ℹ 備份檔案完成
[2026-04-03 12:30:01] 開始轉換時間範圍: 2026-04-03 11:00:00 到 2026-04-03 11:59:59
[2026-04-03 12:30:01] ℹ su_web 該時段內無資料變動，未生成有效 SQL。
[2026-04-03 12:30:01] ℹ sm_m2 該時段內無資料變動，未生成有效 SQL。
[2026-04-03 12:30:01] ℹ 備份檔案完成
[2026-04-03 13:00:01] 開始轉換時間範圍: 2026-04-03 12:00:00 到 2026-04-03 12:59:59
[2026-04-03 13:00:01] ℹ su_web 該時段內無資料變動，未生成有效 SQL。
[2026-04-03 13:00:01] ℹ sm_m2 該時段內無資料變動，未生成有效 SQL。
[2026-04-03 13:00:02] ℹ 備份檔案完成
[2026-04-03 13:30:02] 開始轉換時間範圍: 2026-04-03 12:00:00 到 2026-04-03 12:59:59
[2026-04-03 13:30:02] ℹ su_web 該時段內無資料變動，未生成有效 SQL。
[2026-04-03 13:30:02] ℹ sm_m2 該時段內無資料變動，未生成有效 SQL。
[2026-04-03 13:30:02] ℹ 備份檔案完成
[2026-04-03 14:00:02] 開始轉換時間範圍: 2026-04-03 13:00:00 到 2026-04-03 13:59:59
[2026-04-03 14:00:02] ℹ su_web 該時段內無資料變動，未生成有效 SQL。
[2026-04-03 14:00:02] ℹ sm_m2 該時段內無資料變動，未生成有效 SQL。
[2026-04-03 14:00:02] ℹ 備份檔案完成
[2026-04-03 14:30:01] 開始轉換時間範圍: 2026-04-03 13:00:00 到 2026-04-03 13:59:59
[2026-04-03 14:30:01] ℹ su_web 該時段內無資料變動，未生成有效 SQL。
[2026-04-03 14:30:01] ℹ sm_m2 該時段內無資料變動，未生成有效 SQL。
[2026-04-03 14:30:01] ℹ 備份檔案完成
[2026-04-03 15:00:01] 開始轉換時間範圍: 2026-04-03 14:00:00 到 2026-04-03 14:59:59
[2026-04-03 15:00:01] ℹ su_web 該時段內無資料變動，未生成有效 SQL。
[2026-04-03 15:00:01] ℹ sm_m2 該時段內無資料變動，未生成有效 SQL。
[2026-04-03 15:00:01] ℹ 備份檔案完成
[2026-04-03 15:30:01] 開始轉換時間範圍: 2026-04-03 14:00:00 到 2026-04-03 14:59:59
[2026-04-03 15:30:01] ℹ su_web 該時段內無資料變動，未生成有效 SQL。
[2026-04-03 15:30:01] ℹ sm_m2 該時段內無資料變動，未生成有效 SQL。
[2026-04-03 15:30:01] ℹ 備份檔案完成
[2026-04-03 16:00:01] 開始轉換時間範圍: 2026-04-03 15:00:00 到 2026-04-03 15:59:59
[2026-04-03 16:00:01] ℹ su_web 該時段內無資料變動，未生成有效 SQL。
[2026-04-03 16:00:01] ℹ sm_m2 該時段內無資料變動，未生成有效 SQL。
[2026-04-03 16:00:01] ℹ 備份檔案完成
[2026-04-03 16:30:01] 開始轉換時間範圍: 2026-04-03 15:00:00 到 2026-04-03 15:59:59
[2026-04-03 16:30:01] ℹ su_web 該時段內無資料變動，未生成有效 SQL。
[2026-04-03 16:30:01] ℹ sm_m2 該時段內無資料變動，未生成有效 SQL。
[2026-04-03 16:30:01] ℹ 備份檔案完成
[2026-04-03 17:00:01] 開始轉換時間範圍: 2026-04-03 16:00:00 到 2026-04-03 16:59:59
[2026-04-03 17:00:01] ℹ su_web 該時段內無資料變動，未生成有效 SQL。
[2026-04-03 17:00:01] ℹ sm_m2 該時段內無資料變動，未生成有效 SQL。
[2026-04-03 17:00:01] ℹ 備份檔案完成
[2026-04-03 17:30:01] 開始轉換時間範圍: 2026-04-03 16:00:00 到 2026-04-03 16:59:59
[2026-04-03 17:30:01] ℹ su_web 該時段內無資料變動，未生成有效 SQL。
[2026-04-03 17:30:01] ℹ sm_m2 該時段內無資料變動，未生成有效 SQL。
[2026-04-03 17:30:01] ℹ 備份檔案完成
[2026-04-03 18:00:01] 開始轉換時間範圍: 2026-04-03 17:00:00 到 2026-04-03 17:59:59
[2026-04-03 18:00:01] ℹ su_web 該時段內無資料變動，未生成有效 SQL。
[2026-04-03 18:00:01] ℹ sm_m2 該時段內無資料變動，未生成有效 SQL。
[2026-04-03 18:00:01] ℹ 備份檔案完成
[2026-04-03 18:30:02] 開始轉換時間範圍: 2026-04-03 17:00:00 到 2026-04-03 17:59:59
[2026-04-03 18:30:02] ℹ su_web 該時段內無資料變動，未生成有效 SQL。
[2026-04-03 18:30:02] ℹ sm_m2 該時段內無資料變動，未生成有效 SQL。
[2026-04-03 18:30:02] ℹ 備份檔案完成
[2026-04-03 19:00:01] 開始轉換時間範圍: 2026-04-03 18:00:00 到 2026-04-03 18:59:59
[2026-04-03 19:00:01] ℹ su_web 該時段內無資料變動，未生成有效 SQL。
[2026-04-03 19:00:01] ℹ sm_m2 該時段內無資料變動，未生成有效 SQL。
[2026-04-03 19:00:01] ℹ 備份檔案完成
[2026-04-03 19:30:02] 開始轉換時間範圍: 2026-04-03 18:00:00 到 2026-04-03 18:59:59
[2026-04-03 19:30:02] ℹ su_web 該時段內無資料變動，未生成有效 SQL。
[2026-04-03 19:30:02] ℹ sm_m2 該時段內無資料變動，未生成有效 SQL。
[2026-04-03 19:30:02] ℹ 備份檔案完成
[2026-04-03 20:00:01] 開始轉換時間範圍: 2026-04-03 19:00:00 到 2026-04-03 19:59:59
[2026-04-03 20:00:01] ℹ su_web 該時段內無資料變動，未生成有效 SQL。
[2026-04-03 20:00:01] ℹ sm_m2 該時段內無資料變動，未生成有效 SQL。
[2026-04-03 20:00:01] ℹ 備份檔案完成
[2026-04-03 20:30:01] 開始轉換時間範圍: 2026-04-03 19:00:00 到 2026-04-03 19:59:59
[2026-04-03 20:30:02] ℹ su_web 該時段內無資料變動，未生成有效 SQL。
[2026-04-03 20:30:02] ℹ sm_m2 該時段內無資料變動，未生成有效 SQL。
[2026-04-03 20:30:02] ℹ 備份檔案完成
[2026-04-03 21:00:01] 開始轉換時間範圍: 2026-04-03 20:00:00 到 2026-04-03 20:59:59
[2026-04-03 21:00:01] ℹ su_web 該時段內無資料變動，未生成有效 SQL。
[2026-04-03 21:00:01] ℹ sm_m2 該時段內無資料變動，未生成有效 SQL。
[2026-04-03 21:00:01] ℹ 備份檔案完成
[2026-04-03 21:30:01] 開始轉換時間範圍: 2026-04-03 20:00:00 到 2026-04-03 20:59:59
[2026-04-03 21:30:01] ℹ su_web 該時段內無資料變動，未生成有效 SQL。
[2026-04-03 21:30:01] ℹ sm_m2 該時段內無資料變動，未生成有效 SQL。
[2026-04-03 21:30:01] ℹ 備份檔案完成
[2026-04-03 22:00:01] 開始轉換時間範圍: 2026-04-03 21:00:00 到 2026-04-03 21:59:59
[2026-04-03 22:00:01] ℹ su_web 該時段內無資料變動，未生成有效 SQL。
[2026-04-03 22:00:01] ℹ sm_m2 該時段內無資料變動，未生成有效 SQL。
[2026-04-03 22:00:01] ℹ 備份檔案完成
[2026-04-03 22:30:01] 開始轉換時間範圍: 2026-04-03 21:00:00 到 2026-04-03 21:59:59
[2026-04-03 22:30:01] ℹ su_web 該時段內無資料變動，未生成有效 SQL。
[2026-04-03 22:30:01] ℹ sm_m2 該時段內無資料變動，未生成有效 SQL。
[2026-04-03 22:30:01] ℹ 備份檔案完成
[2026-04-03 23:00:01] 開始轉換時間範圍: 2026-04-03 22:00:00 到 2026-04-03 22:59:59
[2026-04-03 23:00:01] ℹ su_web 該時段內無資料變動，未生成有效 SQL。
[2026-04-03 23:00:01] ℹ sm_m2 該時段內無資料變動，未生成有效 SQL。
[2026-04-03 23:00:01] ℹ 備份檔案完成
[2026-04-03 23:30:01] 開始轉換時間範圍: 2026-04-03 22:00:00 到 2026-04-03 22:59:59
[2026-04-03 23:30:01] ℹ su_web 該時段內無資料變動，未生成有效 SQL。
[2026-04-03 23:30:01] ℹ sm_m2 該時段內無資料變動，未生成有效 SQL。
[2026-04-03 23:30:01] ℹ 備份檔案完成
[2026-04-04 00:00:02] 開始轉換時間範圍: 2026-04-03 23:00:00 到 2026-04-03 23:59:59
[2026-04-04 00:00:02] ℹ su_web 該時段內無資料變動，未生成有效 SQL。
[2026-04-04 00:00:02] ℹ sm_m2 該時段內無資料變動，未生成有效 SQL。
[2026-04-04 00:00:02] ℹ 備份檔案完成
[2026-04-04 00:30:01] 開始轉換時間範圍: 2026-04-03 23:00:00 到 2026-04-03 23:59:59
[2026-04-04 00:30:01] ℹ su_web 該時段內無資料變動，未生成有效 SQL。
[2026-04-04 00:30:01] ℹ sm_m2 該時段內無資料變動，未生成有效 SQL。
[2026-04-04 00:30:01] ℹ 備份檔案完成
[2026-04-04 01:00:01] 開始轉換時間範圍: 2026-04-04 00:00:00 到 2026-04-04 00:59:59
[2026-04-04 01:00:02] ℹ su_web 該時段內無資料變動，未生成有效 SQL。
[2026-04-04 01:00:02] ℹ sm_m2 該時段內無資料變動，未生成有效 SQL。
[2026-04-04 01:00:02] ℹ 備份檔案完成
[2026-04-04 01:30:01] 開始轉換時間範圍: 2026-04-04 00:00:00 到 2026-04-04 00:59:59
[2026-04-04 01:30:01] ℹ su_web 該時段內無資料變動，未生成有效 SQL。
[2026-04-04 01:30:01] ℹ sm_m2 該時段內無資料變動，未生成有效 SQL。
[2026-04-04 01:30:01] ℹ 備份檔案完成
[2026-04-04 02:00:01] 開始轉換時間範圍: 2026-04-04 01:00:00 到 2026-04-04 01:59:59
[2026-04-04 02:00:02] ℹ su_web 該時段內無資料變動，未生成有效 SQL。
[2026-04-04 02:00:02] ℹ sm_m2 該時段內無資料變動，未生成有效 SQL。
[2026-04-04 02:00:02] ℹ 備份檔案完成
[2026-04-04 02:30:01] 開始轉換時間範圍: 2026-04-04 01:00:00 到 2026-04-04 01:59:59
[2026-04-04 02:30:01] ℹ su_web 該時段內無資料變動，未生成有效 SQL。
[2026-04-04 02:30:01] ℹ sm_m2 該時段內無資料變動，未生成有效 SQL。
[2026-04-04 02:30:01] ℹ 備份檔案完成
[2026-04-04 03:00:01] 開始轉換時間範圍: 2026-04-04 02:00:00 到 2026-04-04 02:59:59
[2026-04-04 03:00:01] ℹ su_web 該時段內無資料變動，未生成有效 SQL。
[2026-04-04 03:00:01] ℹ sm_m2 該時段內無資料變動，未生成有效 SQL。
[2026-04-04 03:00:01] ℹ 備份檔案完成
[2026-04-04 03:30:01] 開始轉換時間範圍: 2026-04-04 02:00:00 到 2026-04-04 02:59:59
[2026-04-04 03:30:01] ℹ su_web 該時段內無資料變動，未生成有效 SQL。
[2026-04-04 03:30:01] ℹ sm_m2 該時段內無資料變動，未生成有效 SQL。
[2026-04-04 03:30:01] ℹ 備份檔案完成
[2026-04-04 04:00:01] 開始轉換時間範圍: 2026-04-04 03:00:00 到 2026-04-04 03:59:59
[2026-04-04 04:00:01] ℹ su_web 該時段內無資料變動，未生成有效 SQL。
[2026-04-04 04:00:01] ℹ sm_m2 該時段內無資料變動，未生成有效 SQL。
[2026-04-04 04:00:01] ℹ 備份檔案完成
[2026-04-04 04:30:01] 開始轉換時間範圍: 2026-04-04 03:00:00 到 2026-04-04 03:59:59
[2026-04-04 04:30:01] ℹ su_web 該時段內無資料變動，未生成有效 SQL。
[2026-04-04 04:30:01] ℹ sm_m2 該時段內無資料變動，未生成有效 SQL。
[2026-04-04 04:30:01] ℹ 備份檔案完成
[2026-04-04 05:00:01] 開始轉換時間範圍: 2026-04-04 04:00:00 到 2026-04-04 04:59:59
[2026-04-04 05:00:02] ℹ su_web 該時段內無資料變動，未生成有效 SQL。
[2026-04-04 05:00:02] ℹ sm_m2 該時段內無資料變動，未生成有效 SQL。
[2026-04-04 05:00:02] ℹ 備份檔案完成
[2026-04-04 05:30:02] 開始轉換時間範圍: 2026-04-04 04:00:00 到 2026-04-04 04:59:59
[2026-04-04 05:30:02] ℹ su_web 該時段內無資料變動，未生成有效 SQL。
[2026-04-04 05:30:02] ℹ sm_m2 該時段內無資料變動，未生成有效 SQL。
[2026-04-04 05:30:02] ℹ 備份檔案完成
[2026-04-04 06:00:01] 開始轉換時間範圍: 2026-04-04 05:00:00 到 2026-04-04 05:59:59
[2026-04-04 06:00:01] ℹ su_web 該時段內無資料變動，未生成有效 SQL。
[2026-04-04 06:00:01] ℹ sm_m2 該時段內無資料變動，未生成有效 SQL。
[2026-04-04 06:00:01] ℹ 備份檔案完成
[2026-04-04 06:30:01] 開始轉換時間範圍: 2026-04-04 05:00:00 到 2026-04-04 05:59:59
[2026-04-04 06:30:01] ℹ su_web 該時段內無資料變動，未生成有效 SQL。
[2026-04-04 06:30:01] ℹ sm_m2 該時段內無資料變動，未生成有效 SQL。
[2026-04-04 06:30:01] ℹ 備份檔案完成
[2026-04-04 07:00:01] 開始轉換時間範圍: 2026-04-04 06:00:00 到 2026-04-04 06:59:59
[2026-04-04 07:00:01] ℹ su_web 該時段內無資料變動，未生成有效 SQL。
[2026-04-04 07:00:01] ℹ sm_m2 該時段內無資料變動，未生成有效 SQL。
[2026-04-04 07:00:01] ℹ 備份檔案完成
[2026-04-04 07:30:01] 開始轉換時間範圍: 2026-04-04 06:00:00 到 2026-04-04 06:59:59
[2026-04-04 07:30:01] ℹ su_web 該時段內無資料變動，未生成有效 SQL。
[2026-04-04 07:30:01] ℹ sm_m2 該時段內無資料變動，未生成有效 SQL。
[2026-04-04 07:30:01] ℹ 備份檔案完成
[2026-04-04 08:00:02] 開始轉換時間範圍: 2026-04-04 07:00:00 到 2026-04-04 07:59:59
[2026-04-04 08:00:02] ℹ su_web 該時段內無資料變動，未生成有效 SQL。
[2026-04-04 08:00:02] ℹ sm_m2 該時段內無資料變動，未生成有效 SQL。
[2026-04-04 08:00:02] ℹ 備份檔案完成
[2026-04-04 08:30:01] 開始轉換時間範圍: 2026-04-04 07:00:00 到 2026-04-04 07:59:59
[2026-04-04 08:30:01] ℹ su_web 該時段內無資料變動，未生成有效 SQL。
[2026-04-04 08:30:01] ℹ sm_m2 該時段內無資料變動，未生成有效 SQL。
[2026-04-04 08:30:01] ℹ 備份檔案完成
[2026-04-04 09:00:01] 開始轉換時間範圍: 2026-04-04 08:00:00 到 2026-04-04 08:59:59
[2026-04-04 09:00:02] ℹ su_web 該時段內無資料變動，未生成有效 SQL。
[2026-04-04 09:00:02] ℹ sm_m2 該時段內無資料變動，未生成有效 SQL。
[2026-04-04 09:00:02] ℹ 備份檔案完成
[2026-04-04 09:30:01] 開始轉換時間範圍: 2026-04-04 08:00:00 到 2026-04-04 08:59:59
[2026-04-04 09:30:01] ℹ su_web 該時段內無資料變動，未生成有效 SQL。
[2026-04-04 09:30:01] ℹ sm_m2 該時段內無資料變動，未生成有效 SQL。
[2026-04-04 09:30:01] ℹ 備份檔案完成
[2026-04-04 10:00:01] 開始轉換時間範圍: 2026-04-04 09:00:00 到 2026-04-04 09:59:59
[2026-04-04 10:00:01] ℹ su_web 該時段內無資料變動，未生成有效 SQL。
[2026-04-04 10:00:01] ℹ sm_m2 該時段內無資料變動，未生成有效 SQL。
[2026-04-04 10:00:01] ℹ 備份檔案完成
[2026-04-04 10:30:01] 開始轉換時間範圍: 2026-04-04 09:00:00 到 2026-04-04 09:59:59
[2026-04-04 10:30:02] ℹ su_web 該時段內無資料變動，未生成有效 SQL。
[2026-04-04 10:30:02] ℹ sm_m2 該時段內無資料變動，未生成有效 SQL。
[2026-04-04 10:30:02] ℹ 備份檔案完成
[2026-04-04 11:00:01] 開始轉換時間範圍: 2026-04-04 10:00:00 到 2026-04-04 10:59:59
[2026-04-04 11:00:01] ℹ su_web 該時段內無資料變動，未生成有效 SQL。
[2026-04-04 11:00:01] ℹ sm_m2 該時段內無資料變動，未生成有效 SQL。
[2026-04-04 11:00:01] ℹ 備份檔案完成
[2026-04-04 11:30:01] 開始轉換時間範圍: 2026-04-04 10:00:00 到 2026-04-04 10:59:59
[2026-04-04 11:30:01] ℹ su_web 該時段內無資料變動，未生成有效 SQL。
[2026-04-04 11:30:01] ℹ sm_m2 該時段內無資料變動，未生成有效 SQL。
[2026-04-04 11:30:01] ℹ 備份檔案完成
[2026-04-04 12:00:01] 開始轉換時間範圍: 2026-04-04 11:00:00 到 2026-04-04 11:59:59
[2026-04-04 12:00:01] ℹ su_web 該時段內無資料變動，未生成有效 SQL。
[2026-04-04 12:00:01] ℹ sm_m2 該時段內無資料變動，未生成有效 SQL。
[2026-04-04 12:00:01] ℹ 備份檔案完成
[2026-04-04 12:30:01] 開始轉換時間範圍: 2026-04-04 11:00:00 到 2026-04-04 11:59:59
[2026-04-04 12:30:01] ℹ su_web 該時段內無資料變動，未生成有效 SQL。
[2026-04-04 12:30:01] ℹ sm_m2 該時段內無資料變動，未生成有效 SQL。
[2026-04-04 12:30:01] ℹ 備份檔案完成
[2026-04-04 13:00:01] 開始轉換時間範圍: 2026-04-04 12:00:00 到 2026-04-04 12:59:59
[2026-04-04 13:00:01] ℹ su_web 該時段內無資料變動，未生成有效 SQL。
[2026-04-04 13:00:01] ℹ sm_m2 該時段內無資料變動，未生成有效 SQL。
[2026-04-04 13:00:01] ℹ 備份檔案完成
[2026-04-04 13:30:02] 開始轉換時間範圍: 2026-04-04 12:00:00 到 2026-04-04 12:59:59
[2026-04-04 13:30:02] ℹ su_web 該時段內無資料變動，未生成有效 SQL。
[2026-04-04 13:30:02] ℹ sm_m2 該時段內無資料變動，未生成有效 SQL。
[2026-04-04 13:30:02] ℹ 備份檔案完成
[2026-04-04 14:00:01] 開始轉換時間範圍: 2026-04-04 13:00:00 到 2026-04-04 13:59:59
[2026-04-04 14:00:01] ℹ su_web 該時段內無資料變動，未生成有效 SQL。
[2026-04-04 14:00:01] ℹ sm_m2 該時段內無資料變動，未生成有效 SQL。
[2026-04-04 14:00:01] ℹ 備份檔案完成
[2026-04-04 14:30:01] 開始轉換時間範圍: 2026-04-04 13:00:00 到 2026-04-04 13:59:59
[2026-04-04 14:30:02] ℹ su_web 該時段內無資料變動，未生成有效 SQL。
[2026-04-04 14:30:02] ℹ sm_m2 該時段內無資料變動，未生成有效 SQL。
[2026-04-04 14:30:02] ℹ 備份檔案完成
[2026-04-04 15:00:01] 開始轉換時間範圍: 2026-04-04 14:00:00 到 2026-04-04 14:59:59
[2026-04-04 15:00:01] ℹ su_web 該時段內無資料變動，未生成有效 SQL。
[2026-04-04 15:00:01] ℹ sm_m2 該時段內無資料變動，未生成有效 SQL。
[2026-04-04 15:00:01] ℹ 備份檔案完成
[2026-04-04 15:30:01] 開始轉換時間範圍: 2026-04-04 14:00:00 到 2026-04-04 14:59:59
[2026-04-04 15:30:01] ℹ su_web 該時段內無資料變動，未生成有效 SQL。
[2026-04-04 15:30:01] ℹ sm_m2 該時段內無資料變動，未生成有效 SQL。
[2026-04-04 15:30:01] ℹ 備份檔案完成
[2026-04-04 16:00:01] 開始轉換時間範圍: 2026-04-04 15:00:00 到 2026-04-04 15:59:59
[2026-04-04 16:00:01] ✓ su_web 完成: /mnt/web/www/hksu/.db/files/2026/04/04/20260404_15_Backup_su_web.sql.zip
[2026-04-04 16:00:02] ℹ sm_m2 該時段內無資料變動，未生成有效 SQL。
[2026-04-04 16:00:02] ℹ 備份檔案，提交 Git 。
[2026-04-04 16:00:02] ℹ 備份檔案，add . 完成。
[2026-04-04 16:00:02] ℹ 備份檔案，commit -m backup 20260404_15 完成。
[2026-04-04 16:00:02] ℹ 備份檔案，開始 push。
[2026-04-04 16:00:04] ℹ 備份檔案完成
[2026-04-04 16:30:01] 開始轉換時間範圍: 2026-04-04 15:00:00 到 2026-04-04 15:59:59
[2026-04-04 16:30:01] ✓ su_web 完成: /mnt/web/www/hksu/.db/files/2026/04/04/20260404_15_Backup_su_web.sql.zip
[2026-04-04 16:30:01] ℹ sm_m2 該時段內無資料變動，未生成有效 SQL。
[2026-04-04 16:30:01] ℹ 備份檔案，提交 Git 。
[2026-04-04 16:30:02] ℹ 備份檔案，add . 完成。
[2026-04-04 16:30:02] ℹ 備份檔案，commit -m backup 20260404_15 完成。
[2026-04-04 16:30:02] ℹ 備份檔案，開始 push。
[2026-04-04 16:30:03] ℹ 備份檔案完成
[2026-04-04 17:00:02] 開始轉換時間範圍: 2026-04-04 16:00:00 到 2026-04-04 16:59:59
[2026-04-04 17:00:02] ✓ su_web 完成: /mnt/web/www/hksu/.db/files/2026/04/04/20260404_16_Backup_su_web.sql.zip
[2026-04-04 17:00:02] ℹ sm_m2 該時段內無資料變動，未生成有效 SQL。
[2026-04-04 17:00:02] ℹ 備份檔案，提交 Git 。
[2026-04-04 17:00:02] ℹ 備份檔案，add . 完成。
[2026-04-04 17:00:03] ℹ 備份檔案，commit -m backup 20260404_16 完成。
[2026-04-04 17:00:03] ℹ 備份檔案，開始 push。
[2026-04-04 17:00:04] ℹ 備份檔案完成
[2026-04-04 17:30:01] 開始轉換時間範圍: 2026-04-04 16:00:00 到 2026-04-04 16:59:59
[2026-04-04 17:30:01] ✓ su_web 完成: /mnt/web/www/hksu/.db/files/2026/04/04/20260404_16_Backup_su_web.sql.zip
[2026-04-04 17:30:01] ℹ sm_m2 該時段內無資料變動，未生成有效 SQL。
[2026-04-04 17:30:01] ℹ 備份檔案，提交 Git 。
[2026-04-04 17:30:01] ℹ 備份檔案，add . 完成。
[2026-04-04 17:30:02] ℹ 備份檔案，commit -m backup 20260404_16 完成。
[2026-04-04 17:30:02] ℹ 備份檔案，開始 push。
[2026-04-04 17:30:03] ℹ 備份檔案完成
[2026-04-04 18:00:01] 開始轉換時間範圍: 2026-04-04 17:00:00 到 2026-04-04 17:59:59
[2026-04-04 18:00:01] ℹ su_web 該時段內無資料變動，未生成有效 SQL。
[2026-04-04 18:00:01] ℹ sm_m2 該時段內無資料變動，未生成有效 SQL。
[2026-04-04 18:00:01] ℹ 備份檔案完成
[2026-04-04 18:30:01] 開始轉換時間範圍: 2026-04-04 17:00:00 到 2026-04-04 17:59:59
[2026-04-04 18:30:01] ℹ su_web 該時段內無資料變動，未生成有效 SQL。
[2026-04-04 18:30:01] ℹ sm_m2 該時段內無資料變動，未生成有效 SQL。
[2026-04-04 18:30:01] ℹ 備份檔案完成
[2026-04-04 19:00:01] 開始轉換時間範圍: 2026-04-04 18:00:00 到 2026-04-04 18:59:59
[2026-04-04 19:00:01] ℹ su_web 該時段內無資料變動，未生成有效 SQL。
[2026-04-04 19:00:01] ℹ sm_m2 該時段內無資料變動，未生成有效 SQL。
[2026-04-04 19:00:01] ℹ 備份檔案完成
[2026-04-04 19:30:01] 開始轉換時間範圍: 2026-04-04 18:00:00 到 2026-04-04 18:59:59
[2026-04-04 19:30:01] ℹ su_web 該時段內無資料變動，未生成有效 SQL。
[2026-04-04 19:30:01] ℹ sm_m2 該時段內無資料變動，未生成有效 SQL。
[2026-04-04 19:30:02] ℹ 備份檔案完成
[2026-04-04 20:00:01] 開始轉換時間範圍: 2026-04-04 19:00:00 到 2026-04-04 19:59:59
[2026-04-04 20:00:01] ℹ su_web 該時段內無資料變動，未生成有效 SQL。
[2026-04-04 20:00:01] ℹ sm_m2 該時段內無資料變動，未生成有效 SQL。
[2026-04-04 20:00:01] ℹ 備份檔案完成
[2026-04-04 20:30:01] 開始轉換時間範圍: 2026-04-04 19:00:00 到 2026-04-04 19:59:59
[2026-04-04 20:30:01] ℹ su_web 該時段內無資料變動，未生成有效 SQL。
[2026-04-04 20:30:01] ℹ sm_m2 該時段內無資料變動，未生成有效 SQL。
[2026-04-04 20:30:02] ℹ 備份檔案完成
[2026-04-04 21:00:02] 開始轉換時間範圍: 2026-04-04 20:00:00 到 2026-04-04 20:59:59
[2026-04-04 21:00:02] ℹ su_web 該時段內無資料變動，未生成有效 SQL。
[2026-04-04 21:00:02] ℹ sm_m2 該時段內無資料變動，未生成有效 SQL。
[2026-04-04 21:00:02] ℹ 備份檔案完成
[2026-04-04 21:30:01] 開始轉換時間範圍: 2026-04-04 20:00:00 到 2026-04-04 20:59:59
[2026-04-04 21:30:01] ℹ su_web 該時段內無資料變動，未生成有效 SQL。
[2026-04-04 21:30:01] ℹ sm_m2 該時段內無資料變動，未生成有效 SQL。
[2026-04-04 21:30:02] ℹ 備份檔案完成
[2026-04-04 22:00:01] 開始轉換時間範圍: 2026-04-04 21:00:00 到 2026-04-04 21:59:59
[2026-04-04 22:00:01] ℹ su_web 該時段內無資料變動，未生成有效 SQL。
[2026-04-04 22:00:01] ℹ sm_m2 該時段內無資料變動，未生成有效 SQL。
[2026-04-04 22:00:01] ℹ 備份檔案完成
[2026-04-04 22:30:01] 開始轉換時間範圍: 2026-04-04 21:00:00 到 2026-04-04 21:59:59
[2026-04-04 22:30:01] ℹ su_web 該時段內無資料變動，未生成有效 SQL。
[2026-04-04 22:30:01] ℹ sm_m2 該時段內無資料變動，未生成有效 SQL。
[2026-04-04 22:30:01] ℹ 備份檔案完成
[2026-04-04 23:00:01] 開始轉換時間範圍: 2026-04-04 22:00:00 到 2026-04-04 22:59:59
[2026-04-04 23:00:01] ℹ su_web 該時段內無資料變動，未生成有效 SQL。
[2026-04-04 23:00:02] ℹ sm_m2 該時段內無資料變動，未生成有效 SQL。
[2026-04-04 23:00:02] ℹ 備份檔案完成
[2026-04-04 23:30:02] 開始轉換時間範圍: 2026-04-04 22:00:00 到 2026-04-04 22:59:59
[2026-04-04 23:30:02] ℹ su_web 該時段內無資料變動，未生成有效 SQL。
[2026-04-04 23:30:02] ℹ sm_m2 該時段內無資料變動，未生成有效 SQL。
[2026-04-04 23:30:02] ℹ 備份檔案完成
[2026-04-05 00:00:01] 開始轉換時間範圍: 2026-04-04 23:00:00 到 2026-04-04 23:59:59
[2026-04-05 00:00:01] ℹ su_web 該時段內無資料變動，未生成有效 SQL。
[2026-04-05 00:00:01] ℹ sm_m2 該時段內無資料變動，未生成有效 SQL。
[2026-04-05 00:00:02] ℹ 備份檔案完成
[2026-04-05 00:30:01] 開始轉換時間範圍: 2026-04-04 23:00:00 到 2026-04-04 23:59:59
[2026-04-05 00:30:01] ℹ su_web 該時段內無資料變動，未生成有效 SQL。
[2026-04-05 00:30:01] ℹ sm_m2 該時段內無資料變動，未生成有效 SQL。
[2026-04-05 00:30:01] ℹ 備份檔案完成
[2026-04-05 01:00:01] 開始轉換時間範圍: 2026-04-05 00:00:00 到 2026-04-05 00:59:59
[2026-04-05 01:00:01] ℹ su_web 該時段內無資料變動，未生成有效 SQL。
[2026-04-05 01:00:02] ℹ sm_m2 該時段內無資料變動，未生成有效 SQL。
[2026-04-05 01:00:02] ℹ 備份檔案完成
[2026-04-05 01:30:01] 開始轉換時間範圍: 2026-04-05 00:00:00 到 2026-04-05 00:59:59
[2026-04-05 01:30:01] ℹ su_web 該時段內無資料變動，未生成有效 SQL。
[2026-04-05 01:30:01] ℹ sm_m2 該時段內無資料變動，未生成有效 SQL。
[2026-04-05 01:30:01] ℹ 備份檔案完成
[2026-04-05 02:00:01] 開始轉換時間範圍: 2026-04-05 01:00:00 到 2026-04-05 01:59:59
[2026-04-05 02:00:01] ℹ su_web 該時段內無資料變動，未生成有效 SQL。
[2026-04-05 02:00:01] ℹ sm_m2 該時段內無資料變動，未生成有效 SQL。
[2026-04-05 02:00:01] ℹ 備份檔案完成
[2026-04-05 02:30:01] 開始轉換時間範圍: 2026-04-05 01:00:00 到 2026-04-05 01:59:59
[2026-04-05 02:30:01] ℹ su_web 該時段內無資料變動，未生成有效 SQL。
[2026-04-05 02:30:01] ℹ sm_m2 該時段內無資料變動，未生成有效 SQL。
[2026-04-05 02:30:01] ℹ 備份檔案完成
[2026-04-05 03:00:02] 開始轉換時間範圍: 2026-04-05 02:00:00 到 2026-04-05 02:59:59
[2026-04-05 03:00:02] ℹ su_web 該時段內無資料變動，未生成有效 SQL。
[2026-04-05 03:00:02] ℹ sm_m2 該時段內無資料變動，未生成有效 SQL。
[2026-04-05 03:00:02] ℹ 備份檔案完成
[2026-04-05 03:30:02] 開始轉換時間範圍: 2026-04-05 02:00:00 到 2026-04-05 02:59:59
[2026-04-05 03:30:02] ℹ su_web 該時段內無資料變動，未生成有效 SQL。
[2026-04-05 03:30:02] ℹ sm_m2 該時段內無資料變動，未生成有效 SQL。
[2026-04-05 03:30:02] ℹ 備份檔案完成
[2026-04-05 04:00:01] 開始轉換時間範圍: 2026-04-05 03:00:00 到 2026-04-05 03:59:59
[2026-04-05 04:00:01] ℹ su_web 該時段內無資料變動，未生成有效 SQL。
[2026-04-05 04:00:01] ℹ sm_m2 該時段內無資料變動，未生成有效 SQL。
[2026-04-05 04:00:01] ℹ 備份檔案完成
[2026-04-05 04:30:02] 開始轉換時間範圍: 2026-04-05 03:00:00 到 2026-04-05 03:59:59
[2026-04-05 04:30:02] ℹ su_web 該時段內無資料變動，未生成有效 SQL。
[2026-04-05 04:30:02] ℹ sm_m2 該時段內無資料變動，未生成有效 SQL。
[2026-04-05 04:30:02] ℹ 備份檔案完成
[2026-04-05 05:00:01] 開始轉換時間範圍: 2026-04-05 04:00:00 到 2026-04-05 04:59:59
[2026-04-05 05:00:01] ℹ su_web 該時段內無資料變動，未生成有效 SQL。
[2026-04-05 05:00:01] ℹ sm_m2 該時段內無資料變動，未生成有效 SQL。
[2026-04-05 05:00:01] ℹ 備份檔案完成
[2026-04-05 05:30:01] 開始轉換時間範圍: 2026-04-05 04:00:00 到 2026-04-05 04:59:59
[2026-04-05 05:30:01] ℹ su_web 該時段內無資料變動，未生成有效 SQL。
[2026-04-05 05:30:01] ℹ sm_m2 該時段內無資料變動，未生成有效 SQL。
[2026-04-05 05:30:02] ℹ 備份檔案完成
[2026-04-05 06:00:01] 開始轉換時間範圍: 2026-04-05 05:00:00 到 2026-04-05 05:59:59
[2026-04-05 06:00:02] ℹ su_web 該時段內無資料變動，未生成有效 SQL。
[2026-04-05 06:00:02] ℹ sm_m2 該時段內無資料變動，未生成有效 SQL。
[2026-04-05 06:00:02] ℹ 備份檔案完成
[2026-04-05 06:30:01] 開始轉換時間範圍: 2026-04-05 05:00:00 到 2026-04-05 05:59:59
[2026-04-05 06:30:01] ℹ su_web 該時段內無資料變動，未生成有效 SQL。
[2026-04-05 06:30:01] ℹ sm_m2 該時段內無資料變動，未生成有效 SQL。
[2026-04-05 06:30:01] ℹ 備份檔案完成
[2026-04-05 07:00:01] 開始轉換時間範圍: 2026-04-05 06:00:00 到 2026-04-05 06:59:59
[2026-04-05 07:00:01] ℹ su_web 該時段內無資料變動，未生成有效 SQL。
[2026-04-05 07:00:01] ℹ sm_m2 該時段內無資料變動，未生成有效 SQL。
[2026-04-05 07:00:01] ℹ 備份檔案完成
[2026-04-05 07:30:01] 開始轉換時間範圍: 2026-04-05 06:00:00 到 2026-04-05 06:59:59
[2026-04-05 07:30:01] ℹ su_web 該時段內無資料變動，未生成有效 SQL。
[2026-04-05 07:30:01] ℹ sm_m2 該時段內無資料變動，未生成有效 SQL。
[2026-04-05 07:30:01] ℹ 備份檔案完成
[2026-04-05 08:00:01] 開始轉換時間範圍: 2026-04-05 07:00:00 到 2026-04-05 07:59:59
[2026-04-05 08:00:01] ℹ su_web 該時段內無資料變動，未生成有效 SQL。
[2026-04-05 08:00:01] ℹ sm_m2 該時段內無資料變動，未生成有效 SQL。
[2026-04-05 08:00:01] ℹ 備份檔案完成
[2026-04-05 08:30:01] 開始轉換時間範圍: 2026-04-05 07:00:00 到 2026-04-05 07:59:59
[2026-04-05 08:30:02] ℹ su_web 該時段內無資料變動，未生成有效 SQL。
[2026-04-05 08:30:02] ℹ sm_m2 該時段內無資料變動，未生成有效 SQL。
[2026-04-05 08:30:02] ℹ 備份檔案完成
[2026-04-05 09:00:01] 開始轉換時間範圍: 2026-04-05 08:00:00 到 2026-04-05 08:59:59
[2026-04-05 09:00:02] ℹ su_web 該時段內無資料變動，未生成有效 SQL。
[2026-04-05 09:00:02] ℹ sm_m2 該時段內無資料變動，未生成有效 SQL。
[2026-04-05 09:00:02] ℹ 備份檔案完成
[2026-04-05 09:30:02] 開始轉換時間範圍: 2026-04-05 08:00:00 到 2026-04-05 08:59:59
[2026-04-05 09:30:02] ℹ su_web 該時段內無資料變動，未生成有效 SQL。
[2026-04-05 09:30:02] ℹ sm_m2 該時段內無資料變動，未生成有效 SQL。
[2026-04-05 09:30:02] ℹ 備份檔案完成
[2026-04-05 10:00:02] 開始轉換時間範圍: 2026-04-05 09:00:00 到 2026-04-05 09:59:59
[2026-04-05 10:00:02] ℹ su_web 該時段內無資料變動，未生成有效 SQL。
[2026-04-05 10:00:02] ℹ sm_m2 該時段內無資料變動，未生成有效 SQL。
[2026-04-05 10:00:02] ℹ 備份檔案完成
[2026-04-05 10:30:01] 開始轉換時間範圍: 2026-04-05 09:00:00 到 2026-04-05 09:59:59
[2026-04-05 10:30:01] ℹ su_web 該時段內無資料變動，未生成有效 SQL。
[2026-04-05 10:30:01] ℹ sm_m2 該時段內無資料變動，未生成有效 SQL。
[2026-04-05 10:30:01] ℹ 備份檔案完成
[2026-04-05 11:00:01] 開始轉換時間範圍: 2026-04-05 10:00:00 到 2026-04-05 10:59:59
[2026-04-05 11:00:02] ℹ su_web 該時段內無資料變動，未生成有效 SQL。
[2026-04-05 11:00:02] ℹ sm_m2 該時段內無資料變動，未生成有效 SQL。
[2026-04-05 11:00:02] ℹ 備份檔案完成
[2026-04-05 11:30:02] 開始轉換時間範圍: 2026-04-05 10:00:00 到 2026-04-05 10:59:59
[2026-04-05 11:30:02] ℹ su_web 該時段內無資料變動，未生成有效 SQL。
[2026-04-05 11:30:02] ℹ sm_m2 該時段內無資料變動，未生成有效 SQL。
[2026-04-05 11:30:02] ℹ 備份檔案完成
[2026-04-05 12:00:02] 開始轉換時間範圍: 2026-04-05 11:00:00 到 2026-04-05 11:59:59
[2026-04-05 12:00:02] ℹ su_web 該時段內無資料變動，未生成有效 SQL。
[2026-04-05 12:00:02] ℹ sm_m2 該時段內無資料變動，未生成有效 SQL。
[2026-04-05 12:00:02] ℹ 備份檔案完成
[2026-04-05 12:30:01] 開始轉換時間範圍: 2026-04-05 11:00:00 到 2026-04-05 11:59:59
[2026-04-05 12:30:01] ℹ su_web 該時段內無資料變動，未生成有效 SQL。
[2026-04-05 12:30:01] ℹ sm_m2 該時段內無資料變動，未生成有效 SQL。
[2026-04-05 12:30:01] ℹ 備份檔案完成
[2026-04-05 13:00:02] 開始轉換時間範圍: 2026-04-05 12:00:00 到 2026-04-05 12:59:59
[2026-04-05 13:00:02] ℹ su_web 該時段內無資料變動，未生成有效 SQL。
[2026-04-05 13:00:02] ℹ sm_m2 該時段內無資料變動，未生成有效 SQL。
[2026-04-05 13:00:02] ℹ 備份檔案完成
[2026-04-05 13:30:01] 開始轉換時間範圍: 2026-04-05 12:00:00 到 2026-04-05 12:59:59
[2026-04-05 13:30:01] ℹ su_web 該時段內無資料變動，未生成有效 SQL。
[2026-04-05 13:30:01] ℹ sm_m2 該時段內無資料變動，未生成有效 SQL。
[2026-04-05 13:30:01] ℹ 備份檔案完成
[2026-04-05 14:00:01] 開始轉換時間範圍: 2026-04-05 13:00:00 到 2026-04-05 13:59:59
[2026-04-05 14:00:01] ℹ su_web 該時段內無資料變動，未生成有效 SQL。
[2026-04-05 14:00:01] ℹ sm_m2 該時段內無資料變動，未生成有效 SQL。
[2026-04-05 14:00:01] ℹ 備份檔案完成
[2026-04-05 14:30:01] 開始轉換時間範圍: 2026-04-05 13:00:00 到 2026-04-05 13:59:59
[2026-04-05 14:30:01] ℹ su_web 該時段內無資料變動，未生成有效 SQL。
[2026-04-05 14:30:01] ℹ sm_m2 該時段內無資料變動，未生成有效 SQL。
[2026-04-05 14:30:02] ℹ 備份檔案完成
[2026-04-05 15:00:01] 開始轉換時間範圍: 2026-04-05 14:00:00 到 2026-04-05 14:59:59
[2026-04-05 15:00:01] ℹ su_web 該時段內無資料變動，未生成有效 SQL。
[2026-04-05 15:00:01] ℹ sm_m2 該時段內無資料變動，未生成有效 SQL。
[2026-04-05 15:00:01] ℹ 備份檔案完成
[2026-04-05 15:30:01] 開始轉換時間範圍: 2026-04-05 14:00:00 到 2026-04-05 14:59:59
[2026-04-05 15:30:01] ℹ su_web 該時段內無資料變動，未生成有效 SQL。
[2026-04-05 15:30:01] ℹ sm_m2 該時段內無資料變動，未生成有效 SQL。
[2026-04-05 15:30:01] ℹ 備份檔案完成
[2026-04-05 16:00:01] 開始轉換時間範圍: 2026-04-05 15:00:00 到 2026-04-05 15:59:59
[2026-04-05 16:00:01] ℹ su_web 該時段內無資料變動，未生成有效 SQL。
[2026-04-05 16:00:02] ℹ sm_m2 該時段內無資料變動，未生成有效 SQL。
[2026-04-05 16:00:02] ℹ 備份檔案完成
[2026-04-05 16:30:01] 開始轉換時間範圍: 2026-04-05 15:00:00 到 2026-04-05 15:59:59
[2026-04-05 16:30:01] ℹ su_web 該時段內無資料變動，未生成有效 SQL。
[2026-04-05 16:30:01] ℹ sm_m2 該時段內無資料變動，未生成有效 SQL。
[2026-04-05 16:30:01] ℹ 備份檔案完成
[2026-04-05 17:00:01] 開始轉換時間範圍: 2026-04-05 16:00:00 到 2026-04-05 16:59:59
[2026-04-05 17:00:01] ℹ su_web 該時段內無資料變動，未生成有效 SQL。
[2026-04-05 17:00:01] ℹ sm_m2 該時段內無資料變動，未生成有效 SQL。
[2026-04-05 17:00:01] ℹ 備份檔案完成
[2026-04-05 17:30:02] 開始轉換時間範圍: 2026-04-05 16:00:00 到 2026-04-05 16:59:59
[2026-04-05 17:30:02] ℹ su_web 該時段內無資料變動，未生成有效 SQL。
[2026-04-05 17:30:02] ℹ sm_m2 該時段內無資料變動，未生成有效 SQL。
[2026-04-05 17:30:02] ℹ 備份檔案完成
[2026-04-05 18:00:02] 開始轉換時間範圍: 2026-04-05 17:00:00 到 2026-04-05 17:59:59
[2026-04-05 18:00:02] ℹ su_web 該時段內無資料變動，未生成有效 SQL。
[2026-04-05 18:00:02] ℹ sm_m2 該時段內無資料變動，未生成有效 SQL。
[2026-04-05 18:00:02] ℹ 備份檔案完成
[2026-04-05 18:30:01] 開始轉換時間範圍: 2026-04-05 17:00:00 到 2026-04-05 17:59:59
[2026-04-05 18:30:01] ℹ su_web 該時段內無資料變動，未生成有效 SQL。
[2026-04-05 18:30:02] ℹ sm_m2 該時段內無資料變動，未生成有效 SQL。
[2026-04-05 18:30:02] ℹ 備份檔案完成
[2026-04-05 19:00:01] 開始轉換時間範圍: 2026-04-05 18:00:00 到 2026-04-05 18:59:59
[2026-04-05 19:00:01] ✓ su_web 完成: /mnt/web/www/hksu/.db/files/2026/04/05/20260405_18_Backup_su_web.sql.zip
[2026-04-05 19:00:01] ℹ sm_m2 該時段內無資料變動，未生成有效 SQL。
[2026-04-05 19:00:01] ℹ 備份檔案，提交 Git 。
[2026-04-05 19:00:01] ℹ 備份檔案，add . 完成。
[2026-04-05 19:00:01] ℹ 備份檔案，commit -m backup 20260405_18 完成。
[2026-04-05 19:00:01] ℹ 備份檔案，開始 push。
[2026-04-05 19:00:02] ℹ 備份檔案完成
[2026-04-05 19:30:01] 開始轉換時間範圍: 2026-04-05 18:00:00 到 2026-04-05 18:59:59
[2026-04-05 19:30:01] ✓ su_web 完成: /mnt/web/www/hksu/.db/files/2026/04/05/20260405_18_Backup_su_web.sql.zip
[2026-04-05 19:30:01] ℹ sm_m2 該時段內無資料變動，未生成有效 SQL。
[2026-04-05 19:30:02] ℹ 備份檔案，提交 Git 。
[2026-04-05 19:30:02] ℹ 備份檔案，add . 完成。
[2026-04-05 19:30:02] ℹ 備份檔案，commit -m backup 20260405_18 完成。
[2026-04-05 19:30:02] ℹ 備份檔案，開始 push。
[2026-04-05 19:30:03] ℹ 備份檔案完成
[2026-04-05 20:00:01] 開始轉換時間範圍: 2026-04-05 19:00:00 到 2026-04-05 19:59:59
[2026-04-05 20:00:01] ℹ su_web 該時段內無資料變動，未生成有效 SQL。
[2026-04-05 20:00:01] ℹ sm_m2 該時段內無資料變動，未生成有效 SQL。
[2026-04-05 20:00:01] ℹ 備份檔案完成
[2026-04-05 20:30:02] 開始轉換時間範圍: 2026-04-05 19:00:00 到 2026-04-05 19:59:59
[2026-04-05 20:30:02] ℹ su_web 該時段內無資料變動，未生成有效 SQL。
[2026-04-05 20:30:02] ℹ sm_m2 該時段內無資料變動，未生成有效 SQL。
[2026-04-05 20:30:02] ℹ 備份檔案完成
[2026-04-05 21:00:01] 開始轉換時間範圍: 2026-04-05 20:00:00 到 2026-04-05 20:59:59
[2026-04-05 21:00:01] ✓ su_web 完成: /mnt/web/www/hksu/.db/files/2026/04/05/20260405_20_Backup_su_web.sql.zip
[2026-04-05 21:00:01] ℹ sm_m2 該時段內無資料變動，未生成有效 SQL。
[2026-04-05 21:00:01] ℹ 備份檔案，提交 Git 。
[2026-04-05 21:00:02] ℹ 備份檔案，add . 完成。
[2026-04-05 21:00:02] ℹ 備份檔案，commit -m backup 20260405_20 完成。
[2026-04-05 21:00:02] ℹ 備份檔案，開始 push。
[2026-04-05 21:00:03] ℹ 備份檔案完成
[2026-04-05 21:30:01] 開始轉換時間範圍: 2026-04-05 20:00:00 到 2026-04-05 20:59:59
[2026-04-05 21:30:01] ✓ su_web 完成: /mnt/web/www/hksu/.db/files/2026/04/05/20260405_20_Backup_su_web.sql.zip
[2026-04-05 21:30:01] ℹ sm_m2 該時段內無資料變動，未生成有效 SQL。
[2026-04-05 21:30:01] ℹ 備份檔案，提交 Git 。
[2026-04-05 21:30:02] ℹ 備份檔案，add . 完成。
[2026-04-05 21:30:02] ℹ 備份檔案，commit -m backup 20260405_20 完成。
[2026-04-05 21:30:02] ℹ 備份檔案，開始 push。
[2026-04-05 21:30:03] ℹ 備份檔案完成
[2026-04-05 22:00:01] 開始轉換時間範圍: 2026-04-05 21:00:00 到 2026-04-05 21:59:59
[2026-04-05 22:00:01] ℹ su_web 該時段內無資料變動，未生成有效 SQL。
[2026-04-05 22:00:01] ℹ sm_m2 該時段內無資料變動，未生成有效 SQL。
[2026-04-05 22:00:01] ℹ 備份檔案完成
[2026-04-05 22:30:01] 開始轉換時間範圍: 2026-04-05 21:00:00 到 2026-04-05 21:59:59
[2026-04-05 22:30:02] ℹ su_web 該時段內無資料變動，未生成有效 SQL。
[2026-04-05 22:30:02] ℹ sm_m2 該時段內無資料變動，未生成有效 SQL。
[2026-04-05 22:30:02] ℹ 備份檔案完成
[2026-04-05 23:00:01] 開始轉換時間範圍: 2026-04-05 22:00:00 到 2026-04-05 22:59:59
[2026-04-05 23:00:01] ℹ su_web 該時段內無資料變動，未生成有效 SQL。
[2026-04-05 23:00:01] ℹ sm_m2 該時段內無資料變動，未生成有效 SQL。
[2026-04-05 23:00:02] ℹ 備份檔案完成
[2026-04-05 23:30:01] 開始轉換時間範圍: 2026-04-05 22:00:00 到 2026-04-05 22:59:59
[2026-04-05 23:30:02] ℹ su_web 該時段內無資料變動，未生成有效 SQL。
[2026-04-05 23:30:02] ℹ sm_m2 該時段內無資料變動，未生成有效 SQL。
[2026-04-05 23:30:02] ℹ 備份檔案完成
[2026-04-06 00:00:01] 開始轉換時間範圍: 2026-04-05 23:00:00 到 2026-04-05 23:59:59
[2026-04-06 00:00:01] ℹ su_web 該時段內無資料變動，未生成有效 SQL。
[2026-04-06 00:00:01] ℹ sm_m2 該時段內無資料變動，未生成有效 SQL。
[2026-04-06 00:00:02] ℹ 備份檔案完成
[2026-04-06 00:30:01] 開始轉換時間範圍: 2026-04-05 23:00:00 到 2026-04-05 23:59:59
[2026-04-06 00:30:02] ℹ su_web 該時段內無資料變動，未生成有效 SQL。
[2026-04-06 00:30:02] ℹ sm_m2 該時段內無資料變動，未生成有效 SQL。
[2026-04-06 00:30:02] ℹ 備份檔案完成
[2026-04-06 01:00:01] 開始轉換時間範圍: 2026-04-06 00:00:00 到 2026-04-06 00:59:59
[2026-04-06 01:00:01] ℹ su_web 該時段內無資料變動，未生成有效 SQL。
[2026-04-06 01:00:01] ℹ sm_m2 該時段內無資料變動，未生成有效 SQL。
[2026-04-06 01:00:01] ℹ 備份檔案完成
[2026-04-06 01:30:02] 開始轉換時間範圍: 2026-04-06 00:00:00 到 2026-04-06 00:59:59
[2026-04-06 01:30:02] ℹ su_web 該時段內無資料變動，未生成有效 SQL。
[2026-04-06 01:30:02] ℹ sm_m2 該時段內無資料變動，未生成有效 SQL。
[2026-04-06 01:30:02] ℹ 備份檔案完成
[2026-04-06 02:00:01] 開始轉換時間範圍: 2026-04-06 01:00:00 到 2026-04-06 01:59:59
[2026-04-06 02:00:01] ℹ su_web 該時段內無資料變動，未生成有效 SQL。
[2026-04-06 02:00:01] ℹ sm_m2 該時段內無資料變動，未生成有效 SQL。
[2026-04-06 02:00:01] ℹ 備份檔案完成
[2026-04-06 02:30:01] 開始轉換時間範圍: 2026-04-06 01:00:00 到 2026-04-06 01:59:59
[2026-04-06 02:30:01] ℹ su_web 該時段內無資料變動，未生成有效 SQL。
[2026-04-06 02:30:01] ℹ sm_m2 該時段內無資料變動，未生成有效 SQL。
[2026-04-06 02:30:01] ℹ 備份檔案完成
[2026-04-06 03:00:01] 開始轉換時間範圍: 2026-04-06 02:00:00 到 2026-04-06 02:59:59
[2026-04-06 03:00:01] ℹ su_web 該時段內無資料變動，未生成有效 SQL。
[2026-04-06 03:00:01] ℹ sm_m2 該時段內無資料變動，未生成有效 SQL。
[2026-04-06 03:00:01] ℹ 備份檔案完成
[2026-04-06 03:30:02] 開始轉換時間範圍: 2026-04-06 02:00:00 到 2026-04-06 02:59:59
[2026-04-06 03:30:02] ℹ su_web 該時段內無資料變動，未生成有效 SQL。
[2026-04-06 03:30:02] ℹ sm_m2 該時段內無資料變動，未生成有效 SQL。
[2026-04-06 03:30:02] ℹ 備份檔案完成
[2026-04-06 04:00:01] 開始轉換時間範圍: 2026-04-06 03:00:00 到 2026-04-06 03:59:59
[2026-04-06 04:00:01] ℹ su_web 該時段內無資料變動，未生成有效 SQL。
[2026-04-06 04:00:01] ℹ sm_m2 該時段內無資料變動，未生成有效 SQL。
[2026-04-06 04:00:02] ℹ 備份檔案完成
[2026-04-06 04:30:01] 開始轉換時間範圍: 2026-04-06 03:00:00 到 2026-04-06 03:59:59
[2026-04-06 04:30:01] ℹ su_web 該時段內無資料變動，未生成有效 SQL。
[2026-04-06 04:30:01] ℹ sm_m2 該時段內無資料變動，未生成有效 SQL。
[2026-04-06 04:30:02] ℹ 備份檔案完成
[2026-04-06 05:00:02] 開始轉換時間範圍: 2026-04-06 04:00:00 到 2026-04-06 04:59:59
[2026-04-06 05:00:02] ℹ su_web 該時段內無資料變動，未生成有效 SQL。
[2026-04-06 05:00:02] ℹ sm_m2 該時段內無資料變動，未生成有效 SQL。
[2026-04-06 05:00:02] ℹ 備份檔案完成
[2026-04-06 05:30:02] 開始轉換時間範圍: 2026-04-06 04:00:00 到 2026-04-06 04:59:59
[2026-04-06 05:30:02] ℹ su_web 該時段內無資料變動，未生成有效 SQL。
[2026-04-06 05:30:02] ℹ sm_m2 該時段內無資料變動，未生成有效 SQL。
[2026-04-06 05:30:02] ℹ 備份檔案完成
[2026-04-06 06:00:01] 開始轉換時間範圍: 2026-04-06 05:00:00 到 2026-04-06 05:59:59
[2026-04-06 06:00:01] ℹ su_web 該時段內無資料變動，未生成有效 SQL。
[2026-04-06 06:00:01] ℹ sm_m2 該時段內無資料變動，未生成有效 SQL。
[2026-04-06 06:00:01] ℹ 備份檔案完成
[2026-04-06 06:30:01] 開始轉換時間範圍: 2026-04-06 05:00:00 到 2026-04-06 05:59:59
[2026-04-06 06:30:01] ℹ su_web 該時段內無資料變動，未生成有效 SQL。
[2026-04-06 06:30:01] ℹ sm_m2 該時段內無資料變動，未生成有效 SQL。
[2026-04-06 06:30:01] ℹ 備份檔案完成
[2026-04-06 07:00:02] 開始轉換時間範圍: 2026-04-06 06:00:00 到 2026-04-06 06:59:59
[2026-04-06 07:00:02] ℹ su_web 該時段內無資料變動，未生成有效 SQL。
[2026-04-06 07:00:02] ℹ sm_m2 該時段內無資料變動，未生成有效 SQL。
[2026-04-06 07:00:02] ℹ 備份檔案完成
[2026-04-06 07:30:01] 開始轉換時間範圍: 2026-04-06 06:00:00 到 2026-04-06 06:59:59
[2026-04-06 07:30:01] ℹ su_web 該時段內無資料變動，未生成有效 SQL。
[2026-04-06 07:30:01] ℹ sm_m2 該時段內無資料變動，未生成有效 SQL。
[2026-04-06 07:30:01] ℹ 備份檔案完成
[2026-04-06 08:00:01] 開始轉換時間範圍: 2026-04-06 07:00:00 到 2026-04-06 07:59:59
[2026-04-06 08:00:01] ℹ su_web 該時段內無資料變動，未生成有效 SQL。
[2026-04-06 08:00:01] ℹ sm_m2 該時段內無資料變動，未生成有效 SQL。
[2026-04-06 08:00:01] ℹ 備份檔案完成
[2026-04-06 08:30:01] 開始轉換時間範圍: 2026-04-06 07:00:00 到 2026-04-06 07:59:59
[2026-04-06 08:30:01] ℹ su_web 該時段內無資料變動，未生成有效 SQL。
[2026-04-06 08:30:01] ℹ sm_m2 該時段內無資料變動，未生成有效 SQL。
[2026-04-06 08:30:02] ℹ 備份檔案完成
[2026-04-06 09:00:01] 開始轉換時間範圍: 2026-04-06 08:00:00 到 2026-04-06 08:59:59
[2026-04-06 09:00:01] ℹ su_web 該時段內無資料變動，未生成有效 SQL。
[2026-04-06 09:00:01] ℹ sm_m2 該時段內無資料變動，未生成有效 SQL。
[2026-04-06 09:00:01] ℹ 備份檔案完成
[2026-04-06 09:30:01] 開始轉換時間範圍: 2026-04-06 08:00:00 到 2026-04-06 08:59:59
[2026-04-06 09:30:01] ℹ su_web 該時段內無資料變動，未生成有效 SQL。
[2026-04-06 09:30:01] ℹ sm_m2 該時段內無資料變動，未生成有效 SQL。
[2026-04-06 09:30:01] ℹ 備份檔案完成
[2026-04-06 10:00:01] 開始轉換時間範圍: 2026-04-06 09:00:00 到 2026-04-06 09:59:59
[2026-04-06 10:00:01] ℹ su_web 該時段內無資料變動，未生成有效 SQL。
[2026-04-06 10:00:01] ℹ sm_m2 該時段內無資料變動，未生成有效 SQL。
[2026-04-06 10:00:01] ℹ 備份檔案完成
[2026-04-06 10:30:01] 開始轉換時間範圍: 2026-04-06 09:00:00 到 2026-04-06 09:59:59
[2026-04-06 10:30:01] ℹ su_web 該時段內無資料變動，未生成有效 SQL。
[2026-04-06 10:30:01] ℹ sm_m2 該時段內無資料變動，未生成有效 SQL。
[2026-04-06 10:30:01] ℹ 備份檔案完成
[2026-04-06 11:00:01] 開始轉換時間範圍: 2026-04-06 10:00:00 到 2026-04-06 10:59:59
[2026-04-06 11:00:01] ℹ su_web 該時段內無資料變動，未生成有效 SQL。
[2026-04-06 11:00:01] ℹ sm_m2 該時段內無資料變動，未生成有效 SQL。
[2026-04-06 11:00:01] ℹ 備份檔案完成
[2026-04-06 11:30:01] 開始轉換時間範圍: 2026-04-06 10:00:00 到 2026-04-06 10:59:59
[2026-04-06 11:30:01] ℹ su_web 該時段內無資料變動，未生成有效 SQL。
[2026-04-06 11:30:02] ℹ sm_m2 該時段內無資料變動，未生成有效 SQL。
[2026-04-06 11:30:02] ℹ 備份檔案完成
[2026-04-06 12:00:01] 開始轉換時間範圍: 2026-04-06 11:00:00 到 2026-04-06 11:59:59
[2026-04-06 12:00:01] ℹ su_web 該時段內無資料變動，未生成有效 SQL。
[2026-04-06 12:00:02] ℹ sm_m2 該時段內無資料變動，未生成有效 SQL。
[2026-04-06 12:00:02] ℹ 備份檔案完成
[2026-04-06 12:30:02] 開始轉換時間範圍: 2026-04-06 11:00:00 到 2026-04-06 11:59:59
[2026-04-06 12:30:02] ℹ su_web 該時段內無資料變動，未生成有效 SQL。
[2026-04-06 12:30:02] ℹ sm_m2 該時段內無資料變動，未生成有效 SQL。
[2026-04-06 12:30:02] ℹ 備份檔案完成
[2026-04-06 13:00:02] 開始轉換時間範圍: 2026-04-06 12:00:00 到 2026-04-06 12:59:59
[2026-04-06 13:00:03] ℹ su_web 該時段內無資料變動，未生成有效 SQL。
[2026-04-06 13:00:03] ℹ sm_m2 該時段內無資料變動，未生成有效 SQL。
[2026-04-06 13:00:03] ℹ 備份檔案完成
[2026-04-06 13:30:01] 開始轉換時間範圍: 2026-04-06 12:00:00 到 2026-04-06 12:59:59
[2026-04-06 13:30:01] ℹ su_web 該時段內無資料變動，未生成有效 SQL。
[2026-04-06 13:30:01] ℹ sm_m2 該時段內無資料變動，未生成有效 SQL。
[2026-04-06 13:30:01] ℹ 備份檔案完成
[2026-04-06 14:00:01] 開始轉換時間範圍: 2026-04-06 13:00:00 到 2026-04-06 13:59:59
[2026-04-06 14:00:01] ℹ su_web 該時段內無資料變動，未生成有效 SQL。
[2026-04-06 14:00:01] ℹ sm_m2 該時段內無資料變動，未生成有效 SQL。
[2026-04-06 14:00:01] ℹ 備份檔案完成
[2026-04-06 14:30:01] 開始轉換時間範圍: 2026-04-06 13:00:00 到 2026-04-06 13:59:59
[2026-04-06 14:30:01] ℹ su_web 該時段內無資料變動，未生成有效 SQL。
[2026-04-06 14:30:02] ℹ sm_m2 該時段內無資料變動，未生成有效 SQL。
[2026-04-06 14:30:02] ℹ 備份檔案完成
[2026-04-06 15:00:01] 開始轉換時間範圍: 2026-04-06 14:00:00 到 2026-04-06 14:59:59
[2026-04-06 15:00:01] ℹ su_web 該時段內無資料變動，未生成有效 SQL。
[2026-04-06 15:00:01] ℹ sm_m2 該時段內無資料變動，未生成有效 SQL。
[2026-04-06 15:00:01] ℹ 備份檔案完成
[2026-04-06 15:30:01] 開始轉換時間範圍: 2026-04-06 14:00:00 到 2026-04-06 14:59:59
[2026-04-06 15:30:01] ℹ su_web 該時段內無資料變動，未生成有效 SQL。
[2026-04-06 15:30:01] ℹ sm_m2 該時段內無資料變動，未生成有效 SQL。
[2026-04-06 15:30:01] ℹ 備份檔案完成
[2026-04-06 16:00:02] 開始轉換時間範圍: 2026-04-06 15:00:00 到 2026-04-06 15:59:59
[2026-04-06 16:00:02] ℹ su_web 該時段內無資料變動，未生成有效 SQL。
[2026-04-06 16:00:02] ℹ sm_m2 該時段內無資料變動，未生成有效 SQL。
[2026-04-06 16:00:02] ℹ 備份檔案完成
[2026-04-06 16:30:01] 開始轉換時間範圍: 2026-04-06 15:00:00 到 2026-04-06 15:59:59
[2026-04-06 16:30:01] ℹ su_web 該時段內無資料變動，未生成有效 SQL。
[2026-04-06 16:30:01] ℹ sm_m2 該時段內無資料變動，未生成有效 SQL。
[2026-04-06 16:30:01] ℹ 備份檔案完成
[2026-04-06 17:00:01] 開始轉換時間範圍: 2026-04-06 16:00:00 到 2026-04-06 16:59:59
[2026-04-06 17:00:01] ℹ su_web 該時段內無資料變動，未生成有效 SQL。
[2026-04-06 17:00:01] ℹ sm_m2 該時段內無資料變動，未生成有效 SQL。
[2026-04-06 17:00:01] ℹ 備份檔案完成
[2026-04-06 17:30:01] 開始轉換時間範圍: 2026-04-06 16:00:00 到 2026-04-06 16:59:59
[2026-04-06 17:30:02] ℹ su_web 該時段內無資料變動，未生成有效 SQL。
[2026-04-06 17:30:02] ℹ sm_m2 該時段內無資料變動，未生成有效 SQL。
[2026-04-06 17:30:02] ℹ 備份檔案完成
[2026-04-06 18:00:01] 開始轉換時間範圍: 2026-04-06 17:00:00 到 2026-04-06 17:59:59
[2026-04-06 18:00:01] ℹ su_web 該時段內無資料變動，未生成有效 SQL。
[2026-04-06 18:00:02] ℹ sm_m2 該時段內無資料變動，未生成有效 SQL。
[2026-04-06 18:00:02] ℹ 備份檔案完成
[2026-04-06 18:30:01] 開始轉換時間範圍: 2026-04-06 17:00:00 到 2026-04-06 17:59:59
[2026-04-06 18:30:01] ℹ su_web 該時段內無資料變動，未生成有效 SQL。
[2026-04-06 18:30:01] ℹ sm_m2 該時段內無資料變動，未生成有效 SQL。
[2026-04-06 18:30:01] ℹ 備份檔案完成
[2026-04-06 19:00:01] 開始轉換時間範圍: 2026-04-06 18:00:00 到 2026-04-06 18:59:59
[2026-04-06 19:00:01] ℹ su_web 該時段內無資料變動，未生成有效 SQL。
[2026-04-06 19:00:01] ℹ sm_m2 該時段內無資料變動，未生成有效 SQL。
[2026-04-06 19:00:01] ℹ 備份檔案完成
[2026-04-06 19:30:01] 開始轉換時間範圍: 2026-04-06 18:00:00 到 2026-04-06 18:59:59
[2026-04-06 19:30:01] ℹ su_web 該時段內無資料變動，未生成有效 SQL。
[2026-04-06 19:30:01] ℹ sm_m2 該時段內無資料變動，未生成有效 SQL。
[2026-04-06 19:30:01] ℹ 備份檔案完成
[2026-04-06 20:00:01] 開始轉換時間範圍: 2026-04-06 19:00:00 到 2026-04-06 19:59:59
[2026-04-06 20:00:02] ℹ su_web 該時段內無資料變動，未生成有效 SQL。
[2026-04-06 20:00:02] ℹ sm_m2 該時段內無資料變動，未生成有效 SQL。
[2026-04-06 20:00:02] ℹ 備份檔案完成
[2026-04-06 20:30:01] 開始轉換時間範圍: 2026-04-06 19:00:00 到 2026-04-06 19:59:59
[2026-04-06 20:30:01] ℹ su_web 該時段內無資料變動，未生成有效 SQL。
[2026-04-06 20:30:01] ℹ sm_m2 該時段內無資料變動，未生成有效 SQL。
[2026-04-06 20:30:01] ℹ 備份檔案完成
[2026-04-06 21:00:01] 開始轉換時間範圍: 2026-04-06 20:00:00 到 2026-04-06 20:59:59
[2026-04-06 21:00:01] ℹ su_web 該時段內無資料變動，未生成有效 SQL。
[2026-04-06 21:00:01] ℹ sm_m2 該時段內無資料變動，未生成有效 SQL。
[2026-04-06 21:00:01] ℹ 備份檔案完成
[2026-04-06 21:30:01] 開始轉換時間範圍: 2026-04-06 20:00:00 到 2026-04-06 20:59:59
[2026-04-06 21:30:01] ℹ su_web 該時段內無資料變動，未生成有效 SQL。
[2026-04-06 21:30:01] ℹ sm_m2 該時段內無資料變動，未生成有效 SQL。
[2026-04-06 21:30:01] ℹ 備份檔案完成
[2026-04-06 22:00:01] 開始轉換時間範圍: 2026-04-06 21:00:00 到 2026-04-06 21:59:59
[2026-04-06 22:00:02] ℹ su_web 該時段內無資料變動，未生成有效 SQL。
[2026-04-06 22:00:02] ℹ sm_m2 該時段內無資料變動，未生成有效 SQL。
[2026-04-06 22:00:02] ℹ 備份檔案完成
[2026-04-06 22:30:01] 開始轉換時間範圍: 2026-04-06 21:00:00 到 2026-04-06 21:59:59
[2026-04-06 22:30:01] ℹ su_web 該時段內無資料變動，未生成有效 SQL。
[2026-04-06 22:30:01] ℹ sm_m2 該時段內無資料變動，未生成有效 SQL。
[2026-04-06 22:30:01] ℹ 備份檔案完成
[2026-04-06 23:00:02] 開始轉換時間範圍: 2026-04-06 22:00:00 到 2026-04-06 22:59:59
[2026-04-06 23:00:02] ℹ su_web 該時段內無資料變動，未生成有效 SQL。
[2026-04-06 23:00:02] ℹ sm_m2 該時段內無資料變動，未生成有效 SQL。
[2026-04-06 23:00:02] ℹ 備份檔案完成
[2026-04-06 23:30:01] 開始轉換時間範圍: 2026-04-06 22:00:00 到 2026-04-06 22:59:59
[2026-04-06 23:30:01] ℹ su_web 該時段內無資料變動，未生成有效 SQL。
[2026-04-06 23:30:02] ℹ sm_m2 該時段內無資料變動，未生成有效 SQL。
[2026-04-06 23:30:02] ℹ 備份檔案完成
[2026-04-07 00:00:01] 開始轉換時間範圍: 2026-04-06 23:00:00 到 2026-04-06 23:59:59
[2026-04-07 00:00:01] ℹ su_web 該時段內無資料變動，未生成有效 SQL。
[2026-04-07 00:00:01] ℹ sm_m2 該時段內無資料變動，未生成有效 SQL。
[2026-04-07 00:00:01] ℹ 備份檔案完成
[2026-04-07 00:30:02] 開始轉換時間範圍: 2026-04-06 23:00:00 到 2026-04-06 23:59:59
[2026-04-07 00:30:02] ℹ su_web 該時段內無資料變動，未生成有效 SQL。
[2026-04-07 00:30:02] ℹ sm_m2 該時段內無資料變動，未生成有效 SQL。
[2026-04-07 00:30:02] ℹ 備份檔案完成
[2026-04-07 01:00:02] 開始轉換時間範圍: 2026-04-07 00:00:00 到 2026-04-07 00:59:59
[2026-04-07 01:00:02] ℹ su_web 該時段內無資料變動，未生成有效 SQL。
[2026-04-07 01:00:02] ℹ sm_m2 該時段內無資料變動，未生成有效 SQL。
[2026-04-07 01:00:02] ℹ 備份檔案完成
[2026-04-07 01:30:01] 開始轉換時間範圍: 2026-04-07 00:00:00 到 2026-04-07 00:59:59
[2026-04-07 01:30:01] ℹ su_web 該時段內無資料變動，未生成有效 SQL。
[2026-04-07 01:30:01] ℹ sm_m2 該時段內無資料變動，未生成有效 SQL。
[2026-04-07 01:30:01] ℹ 備份檔案完成
[2026-04-07 02:00:01] 開始轉換時間範圍: 2026-04-07 01:00:00 到 2026-04-07 01:59:59
[2026-04-07 02:00:01] ℹ su_web 該時段內無資料變動，未生成有效 SQL。
[2026-04-07 02:00:01] ℹ sm_m2 該時段內無資料變動，未生成有效 SQL。
[2026-04-07 02:00:01] ℹ 備份檔案完成
[2026-04-07 02:30:01] 開始轉換時間範圍: 2026-04-07 01:00:00 到 2026-04-07 01:59:59
[2026-04-07 02:30:01] ℹ su_web 該時段內無資料變動，未生成有效 SQL。
[2026-04-07 02:30:01] ℹ sm_m2 該時段內無資料變動，未生成有效 SQL。
[2026-04-07 02:30:01] ℹ 備份檔案完成
[2026-04-07 03:00:01] 開始轉換時間範圍: 2026-04-07 02:00:00 到 2026-04-07 02:59:59
[2026-04-07 03:00:01] ℹ su_web 該時段內無資料變動，未生成有效 SQL。
[2026-04-07 03:00:01] ℹ sm_m2 該時段內無資料變動，未生成有效 SQL。
[2026-04-07 03:00:01] ℹ 備份檔案完成
[2026-04-07 03:30:01] 開始轉換時間範圍: 2026-04-07 02:00:00 到 2026-04-07 02:59:59
[2026-04-07 03:30:01] ℹ su_web 該時段內無資料變動，未生成有效 SQL。
[2026-04-07 03:30:02] ℹ sm_m2 該時段內無資料變動，未生成有效 SQL。
[2026-04-07 03:30:02] ℹ 備份檔案完成
[2026-04-07 04:00:02] 開始轉換時間範圍: 2026-04-07 03:00:00 到 2026-04-07 03:59:59
[2026-04-07 04:00:02] ℹ su_web 該時段內無資料變動，未生成有效 SQL。
[2026-04-07 04:00:02] ℹ sm_m2 該時段內無資料變動，未生成有效 SQL。
[2026-04-07 04:00:02] ℹ 備份檔案完成
[2026-04-07 04:30:01] 開始轉換時間範圍: 2026-04-07 03:00:00 到 2026-04-07 03:59:59
[2026-04-07 04:30:01] ℹ su_web 該時段內無資料變動，未生成有效 SQL。
[2026-04-07 04:30:01] ℹ sm_m2 該時段內無資料變動，未生成有效 SQL。
[2026-04-07 04:30:01] ℹ 備份檔案完成
[2026-04-07 05:00:02] 開始轉換時間範圍: 2026-04-07 04:00:00 到 2026-04-07 04:59:59
[2026-04-07 05:00:02] ℹ su_web 該時段內無資料變動，未生成有效 SQL。
[2026-04-07 05:00:02] ℹ sm_m2 該時段內無資料變動，未生成有效 SQL。
[2026-04-07 05:00:02] ℹ 備份檔案完成
[2026-04-07 05:30:02] 開始轉換時間範圍: 2026-04-07 04:00:00 到 2026-04-07 04:59:59
[2026-04-07 05:30:02] ℹ su_web 該時段內無資料變動，未生成有效 SQL。
[2026-04-07 05:30:02] ℹ sm_m2 該時段內無資料變動，未生成有效 SQL。
[2026-04-07 05:30:02] ℹ 備份檔案完成
[2026-04-07 06:00:02] 開始轉換時間範圍: 2026-04-07 05:00:00 到 2026-04-07 05:59:59
[2026-04-07 06:00:02] ℹ su_web 該時段內無資料變動，未生成有效 SQL。
[2026-04-07 06:00:02] ℹ sm_m2 該時段內無資料變動，未生成有效 SQL。
[2026-04-07 06:00:02] ℹ 備份檔案完成
[2026-04-07 06:30:01] 開始轉換時間範圍: 2026-04-07 05:00:00 到 2026-04-07 05:59:59
[2026-04-07 06:30:01] ℹ su_web 該時段內無資料變動，未生成有效 SQL。
[2026-04-07 06:30:01] ℹ sm_m2 該時段內無資料變動，未生成有效 SQL。
[2026-04-07 06:30:01] ℹ 備份檔案完成
[2026-04-07 07:00:01] 開始轉換時間範圍: 2026-04-07 06:00:00 到 2026-04-07 06:59:59
[2026-04-07 07:00:01] ℹ su_web 該時段內無資料變動，未生成有效 SQL。
[2026-04-07 07:00:01] ℹ sm_m2 該時段內無資料變動，未生成有效 SQL。
[2026-04-07 07:00:02] ℹ 備份檔案完成
[2026-04-07 07:30:01] 開始轉換時間範圍: 2026-04-07 06:00:00 到 2026-04-07 06:59:59
[2026-04-07 07:30:01] ℹ su_web 該時段內無資料變動，未生成有效 SQL。
[2026-04-07 07:30:01] ℹ sm_m2 該時段內無資料變動，未生成有效 SQL。
[2026-04-07 07:30:01] ℹ 備份檔案完成
[2026-04-07 08:00:01] 開始轉換時間範圍: 2026-04-07 07:00:00 到 2026-04-07 07:59:59
[2026-04-07 08:00:01] ℹ su_web 該時段內無資料變動，未生成有效 SQL。
[2026-04-07 08:00:01] ℹ sm_m2 該時段內無資料變動，未生成有效 SQL。
[2026-04-07 08:00:01] ℹ 備份檔案完成
[2026-04-07 08:30:01] 開始轉換時間範圍: 2026-04-07 07:00:00 到 2026-04-07 07:59:59
[2026-04-07 08:30:01] ℹ su_web 該時段內無資料變動，未生成有效 SQL。
[2026-04-07 08:30:01] ℹ sm_m2 該時段內無資料變動，未生成有效 SQL。
[2026-04-07 08:30:01] ℹ 備份檔案完成
[2026-04-07 09:00:01] 開始轉換時間範圍: 2026-04-07 08:00:00 到 2026-04-07 08:59:59
[2026-04-07 09:00:01] ℹ su_web 該時段內無資料變動，未生成有效 SQL。
[2026-04-07 09:00:01] ℹ sm_m2 該時段內無資料變動，未生成有效 SQL。
[2026-04-07 09:00:01] ℹ 備份檔案完成
[2026-04-07 09:30:01] 開始轉換時間範圍: 2026-04-07 08:00:00 到 2026-04-07 08:59:59
[2026-04-07 09:30:01] ℹ su_web 該時段內無資料變動，未生成有效 SQL。
[2026-04-07 09:30:01] ℹ sm_m2 該時段內無資料變動，未生成有效 SQL。
[2026-04-07 09:30:01] ℹ 備份檔案完成
[2026-04-07 10:00:01] 開始轉換時間範圍: 2026-04-07 09:00:00 到 2026-04-07 09:59:59
[2026-04-07 10:00:01] ℹ su_web 該時段內無資料變動，未生成有效 SQL。
[2026-04-07 10:00:01] ℹ sm_m2 該時段內無資料變動，未生成有效 SQL。
[2026-04-07 10:00:01] ℹ 備份檔案完成
[2026-04-07 10:30:01] 開始轉換時間範圍: 2026-04-07 09:00:00 到 2026-04-07 09:59:59
[2026-04-07 10:30:01] ℹ su_web 該時段內無資料變動，未生成有效 SQL。
[2026-04-07 10:30:01] ℹ sm_m2 該時段內無資料變動，未生成有效 SQL。
[2026-04-07 10:30:01] ℹ 備份檔案完成
[2026-04-07 11:00:01] 開始轉換時間範圍: 2026-04-07 10:00:00 到 2026-04-07 10:59:59
[2026-04-07 11:00:01] ℹ su_web 該時段內無資料變動，未生成有效 SQL。
[2026-04-07 11:00:01] ℹ sm_m2 該時段內無資料變動，未生成有效 SQL。
[2026-04-07 11:00:01] ℹ 備份檔案完成
[2026-04-07 11:30:01] 開始轉換時間範圍: 2026-04-07 10:00:00 到 2026-04-07 10:59:59
[2026-04-07 11:30:02] ℹ su_web 該時段內無資料變動，未生成有效 SQL。
[2026-04-07 11:30:02] ℹ sm_m2 該時段內無資料變動，未生成有效 SQL。
[2026-04-07 11:30:02] ℹ 備份檔案完成
[2026-04-07 12:00:01] 開始轉換時間範圍: 2026-04-07 11:00:00 到 2026-04-07 11:59:59
[2026-04-07 12:00:01] ℹ su_web 該時段內無資料變動，未生成有效 SQL。
[2026-04-07 12:00:01] ℹ sm_m2 該時段內無資料變動，未生成有效 SQL。
[2026-04-07 12:00:01] ℹ 備份檔案完成
[2026-04-07 12:30:01] 開始轉換時間範圍: 2026-04-07 11:00:00 到 2026-04-07 11:59:59
[2026-04-07 12:30:01] ℹ su_web 該時段內無資料變動，未生成有效 SQL。
[2026-04-07 12:30:01] ℹ sm_m2 該時段內無資料變動，未生成有效 SQL。
[2026-04-07 12:30:01] ℹ 備份檔案完成
[2026-04-07 13:00:02] 開始轉換時間範圍: 2026-04-07 12:00:00 到 2026-04-07 12:59:59
[2026-04-07 13:00:02] ℹ su_web 該時段內無資料變動，未生成有效 SQL。
[2026-04-07 13:00:02] ℹ sm_m2 該時段內無資料變動，未生成有效 SQL。
[2026-04-07 13:00:02] ℹ 備份檔案完成
[2026-04-07 13:30:01] 開始轉換時間範圍: 2026-04-07 12:00:00 到 2026-04-07 12:59:59
[2026-04-07 13:30:02] ℹ su_web 該時段內無資料變動，未生成有效 SQL。
[2026-04-07 13:30:02] ℹ sm_m2 該時段內無資料變動，未生成有效 SQL。
[2026-04-07 13:30:02] ℹ 備份檔案完成
[2026-04-07 14:00:01] 開始轉換時間範圍: 2026-04-07 13:00:00 到 2026-04-07 13:59:59
[2026-04-07 14:00:01] ℹ su_web 該時段內無資料變動，未生成有效 SQL。
[2026-04-07 14:00:01] ℹ sm_m2 該時段內無資料變動，未生成有效 SQL。
[2026-04-07 14:00:01] ℹ 備份檔案完成
[2026-04-07 14:30:01] 開始轉換時間範圍: 2026-04-07 13:00:00 到 2026-04-07 13:59:59
[2026-04-07 14:30:01] ℹ su_web 該時段內無資料變動，未生成有效 SQL。
[2026-04-07 14:30:01] ℹ sm_m2 該時段內無資料變動，未生成有效 SQL。
[2026-04-07 14:30:01] ℹ 備份檔案完成
[2026-04-07 15:00:01] 開始轉換時間範圍: 2026-04-07 14:00:00 到 2026-04-07 14:59:59
[2026-04-07 15:00:01] ℹ su_web 該時段內無資料變動，未生成有效 SQL。
[2026-04-07 15:00:01] ℹ sm_m2 該時段內無資料變動，未生成有效 SQL。
[2026-04-07 15:00:01] ℹ 備份檔案完成
[2026-04-07 15:30:01] 開始轉換時間範圍: 2026-04-07 14:00:00 到 2026-04-07 14:59:59
[2026-04-07 15:30:01] ℹ su_web 該時段內無資料變動，未生成有效 SQL。
[2026-04-07 15:30:01] ℹ sm_m2 該時段內無資料變動，未生成有效 SQL。
[2026-04-07 15:30:01] ℹ 備份檔案完成
[2026-04-07 16:00:01] 開始轉換時間範圍: 2026-04-07 15:00:00 到 2026-04-07 15:59:59
[2026-04-07 16:00:01] ℹ su_web 該時段內無資料變動，未生成有效 SQL。
[2026-04-07 16:00:01] ℹ sm_m2 該時段內無資料變動，未生成有效 SQL。
[2026-04-07 16:00:01] ℹ 備份檔案完成
[2026-04-07 16:30:01] 開始轉換時間範圍: 2026-04-07 15:00:00 到 2026-04-07 15:59:59
[2026-04-07 16:30:02] ℹ su_web 該時段內無資料變動，未生成有效 SQL。
[2026-04-07 16:30:02] ℹ sm_m2 該時段內無資料變動，未生成有效 SQL。
[2026-04-07 16:30:02] ℹ 備份檔案完成
[2026-04-07 17:00:01] 開始轉換時間範圍: 2026-04-07 16:00:00 到 2026-04-07 16:59:59
[2026-04-07 17:00:01] ℹ su_web 該時段內無資料變動，未生成有效 SQL。
[2026-04-07 17:00:01] ℹ sm_m2 該時段內無資料變動，未生成有效 SQL。
[2026-04-07 17:00:01] ℹ 備份檔案完成
[2026-04-07 17:30:01] 開始轉換時間範圍: 2026-04-07 16:00:00 到 2026-04-07 16:59:59
[2026-04-07 17:30:01] ℹ su_web 該時段內無資料變動，未生成有效 SQL。
[2026-04-07 17:30:01] ℹ sm_m2 該時段內無資料變動，未生成有效 SQL。
[2026-04-07 17:30:01] ℹ 備份檔案完成
[2026-04-07 18:00:01] 開始轉換時間範圍: 2026-04-07 17:00:00 到 2026-04-07 17:59:59
[2026-04-07 18:00:01] ℹ su_web 該時段內無資料變動，未生成有效 SQL。
[2026-04-07 18:00:01] ℹ sm_m2 該時段內無資料變動，未生成有效 SQL。
[2026-04-07 18:00:01] ℹ 備份檔案完成
[2026-04-07 18:30:01] 開始轉換時間範圍: 2026-04-07 17:00:00 到 2026-04-07 17:59:59
[2026-04-07 18:30:01] ℹ su_web 該時段內無資料變動，未生成有效 SQL。
[2026-04-07 18:30:01] ℹ sm_m2 該時段內無資料變動，未生成有效 SQL。
[2026-04-07 18:30:01] ℹ 備份檔案完成
[2026-04-07 19:00:01] 開始轉換時間範圍: 2026-04-07 18:00:00 到 2026-04-07 18:59:59
[2026-04-07 19:00:01] ℹ su_web 該時段內無資料變動，未生成有效 SQL。
[2026-04-07 19:00:01] ℹ sm_m2 該時段內無資料變動，未生成有效 SQL。
[2026-04-07 19:00:01] ℹ 備份檔案完成
[2026-04-07 19:30:01] 開始轉換時間範圍: 2026-04-07 18:00:00 到 2026-04-07 18:59:59
[2026-04-07 19:30:01] ℹ su_web 該時段內無資料變動，未生成有效 SQL。
[2026-04-07 19:30:01] ℹ sm_m2 該時段內無資料變動，未生成有效 SQL。
[2026-04-07 19:30:01] ℹ 備份檔案完成
[2026-04-07 20:00:02] 開始轉換時間範圍: 2026-04-07 19:00:00 到 2026-04-07 19:59:59
[2026-04-07 20:00:02] ✓ su_web 完成: /mnt/web/www/hksu/.db/files/2026/04/07/20260407_19_Backup_su_web.sql.zip
[2026-04-07 20:00:02] ℹ sm_m2 該時段內無資料變動，未生成有效 SQL。
[2026-04-07 20:00:02] ℹ 備份檔案，提交 Git 。
[2026-04-07 20:00:02] ℹ 備份檔案，add . 完成。
[2026-04-07 20:00:03] ℹ 備份檔案，commit -m backup 20260407_19 完成。
[2026-04-07 20:00:03] ℹ 備份檔案，開始 push。
[2026-04-07 20:00:06] ℹ 備份檔案完成
[2026-04-07 20:30:01] 開始轉換時間範圍: 2026-04-07 19:00:00 到 2026-04-07 19:59:59
[2026-04-07 20:30:01] ✓ su_web 完成: /mnt/web/www/hksu/.db/files/2026/04/07/20260407_19_Backup_su_web.sql.zip
[2026-04-07 20:30:01] ℹ sm_m2 該時段內無資料變動，未生成有效 SQL。
[2026-04-07 20:30:01] ℹ 備份檔案，提交 Git 。
